#
# There is insufficient memory for the Java Runtime Environment to continue.
# Native memory allocation (malloc) failed to allocate 1433888 bytes for Chunk::new
# Possible reasons:
#   The system is out of physical RAM or swap space
#   The process is running with CompressedOops enabled, and the Java Heap may be blocking the growth of the native heap
# Possible solutions:
#   Reduce memory load on the system
#   Increase physical memory or swap space
#   Check if swap backing store is full
#   Decrease Java heap size (-Xmx/-Xms)
#   Decrease number of Java threads
#   Decrease Java thread stack sizes (-Xss)
#   Set larger code cache with -XX:ReservedCodeCacheSize=
#   JVM is running with Zero Based Compressed Oops mode in which the Java heap is
#     placed in the first 32GB address space. The Java Heap base address is the
#     maximum limit for the native heap growth. Please use -XX:HeapBaseMinAddress
#     to set the Java Heap base and to place the Java Heap above 32GB virtual address.
# This output file may be truncated or incomplete.
#
#  Out of Memory Error (arena.cpp:184), pid=16980, tid=12816
#
# JRE version: Java(TM) SE Runtime Environment (19.0.1+10) (build 19.0.1+10-21)
# Java VM: Java HotSpot(TM) 64-Bit Server VM (19.0.1+10-21, mixed mode, sharing, tiered, compressed oops, compressed class ptrs, g1 gc, windows-amd64)
# No core dump will be written. Minidumps are not enabled by default on client versions of Windows
#

---------------  S U M M A R Y ------------

Command Line: -XX:MaxMetaspaceSize=4G -XX:ReservedCodeCacheSize=512m -XX:+HeapDumpOnOutOfMemoryError --add-opens=java.base/java.util=ALL-UNNAMED --add-opens=java.base/java.lang=ALL-UNNAMED --add-opens=java.base/java.lang.invoke=ALL-UNNAMED --add-opens=java.prefs/java.util.prefs=ALL-UNNAMED --add-exports=jdk.compiler/com.sun.tools.javac.api=ALL-UNNAMED --add-exports=jdk.compiler/com.sun.tools.javac.util=ALL-UNNAMED --add-opens=java.base/java.nio.charset=ALL-UNNAMED --add-opens=java.base/java.net=ALL-UNNAMED --add-opens=java.base/java.util.concurrent.atomic=ALL-UNNAMED -Xmx8G -Dfile.encoding=UTF-8 -Duser.country=IN -Duser.language=en -Duser.variant -javaagent:C:\Users\RAHUL\.gradle\wrapper\dists\gradle-8.10.2-all\7iv73wktx1xtkvlq19urqw1wm\gradle-8.10.2\lib\agents\gradle-instrumentation-agent-8.10.2.jar org.gradle.launcher.daemon.bootstrap.GradleDaemon 8.10.2

Host: AMD Ryzen 5 5600H with Radeon Graphics         , 12 cores, 7G,  Windows 11 , 64 bit Build 26100 (10.0.26100.5074)
Time: Thu Sep 11 13:29:55 2025 India Standard Time elapsed time: 54.065463 seconds (0d 0h 0m 54s)

---------------  T H R E A D  ---------------

Current thread (0x000001507fdbcd00):  JavaThread "C2 CompilerThread0" daemon [_thread_in_native, id=12816, stack(0x00000008be000000,0x00000008be100000)]


Current CompileTask:
C2:  54065 17638   !   4       kotlinx.metadata.internal.metadata.ProtoBuf$Property::<init> (1283 bytes)

Stack: [0x00000008be000000,0x00000008be100000]
Native frames: (J=compiled Java code, j=interpreted, Vv=VM code, C=native code)
V  [jvm.dll+0x6ee8fa]
V  [jvm.dll+0x857a1e]
V  [jvm.dll+0x85940e]
V  [jvm.dll+0x859ac3]
V  [jvm.dll+0x28291f]
V  [jvm.dll+0xc9b5f]
V  [jvm.dll+0xc9ee5]
V  [jvm.dll+0x3bcbac]
V  [jvm.dll+0x386201]
V  [jvm.dll+0x38567a]
V  [jvm.dll+0x24c2c9]
V  [jvm.dll+0x24b671]
V  [jvm.dll+0x1d6d61]
V  [jvm.dll+0x25b0fa]
V  [jvm.dll+0x259588]
V  [jvm.dll+0x807928]
V  [jvm.dll+0x8015fa]
V  [jvm.dll+0x6ed5eb]
C  [ucrtbase.dll+0x37b0]
C  [KERNEL32.DLL+0x2e8d7]
C  [ntdll.dll+0x8d9c]


---------------  P R O C E S S  ---------------

Threads class SMR info:
_java_thread_list=0x000001503d2a6a10, length=70, elements={
0x0000015075507ed0, 0x000001507fd9a4c0, 0x000001507fd9bc00, 0x000001507fda0610,
0x000001507fda2f50, 0x000001507fdaacd0, 0x000001507fdae100, 0x000001507fdbcd00,
0x000001507fdc3610, 0x000001507fdad660, 0x000001507fdae650, 0x000001507fdaeba0,
0x000001507fdadbb0, 0x0000015039de1ea0, 0x0000015039de4e70, 0x0000015039de1950,
0x0000015039de1400, 0x0000015039de4920, 0x0000015039de3e80, 0x0000015039de53c0,
0x0000015039de5910, 0x0000015039de2e90, 0x0000015039de5e60, 0x0000015039de43d0,
0x0000015039de23f0, 0x0000015039de2940, 0x0000015039de6900, 0x0000015039de3930,
0x0000015039de33e0, 0x0000015039de73a0, 0x0000015039de78f0, 0x0000015039de7e40,
0x0000015039de88e0, 0x000001503b76d210, 0x000001503b7731b0, 0x000001503b7721c0,
0x0000015037cb0d50, 0x000001504b8515a0, 0x000001504b853ad0, 0x000001504b852ae0,
0x000001504b851af0, 0x000001504b852040, 0x000001504b8505b0, 0x000001504b850b00,
0x000001504b853030, 0x000001504b853580, 0x000001504b850060, 0x000001504b854020,
0x000001504b854570, 0x000001504b854ac0, 0x000001504b851050, 0x000001504b855560,
0x000001504b855ab0, 0x000001504b855010, 0x000001504b856000, 0x000001504b852590,
0x000001504b856550, 0x000001504b856ff0, 0x000001504b857540, 0x000001504b857a90,
0x000001504bfeb3d0, 0x000001504bfe9e90, 0x000001504bfeae80, 0x000001504bfede50,
0x000001504bfece60, 0x000001504bfeb920, 0x000001504bfed900, 0x000001504bfed3b0,
0x000001504bfea930, 0x000001504bfeee40
}

Java Threads: ( => current thread )
  0x0000015075507ed0 JavaThread "main" [_thread_blocked, id=21204, stack(0x00000008bd300000,0x00000008bd400000)]
  0x000001507fd9a4c0 JavaThread "Reference Handler" daemon [_thread_blocked, id=14868, stack(0x00000008bda00000,0x00000008bdb00000)]
  0x000001507fd9bc00 JavaThread "Finalizer" daemon [_thread_blocked, id=26456, stack(0x00000008bdb00000,0x00000008bdc00000)]
  0x000001507fda0610 JavaThread "Signal Dispatcher" daemon [_thread_blocked, id=26144, stack(0x00000008bdc00000,0x00000008bdd00000)]
  0x000001507fda2f50 JavaThread "Attach Listener" daemon [_thread_blocked, id=25708, stack(0x00000008bdd00000,0x00000008bde00000)]
  0x000001507fdaacd0 JavaThread "Service Thread" daemon [_thread_blocked, id=26516, stack(0x00000008bde00000,0x00000008bdf00000)]
  0x000001507fdae100 JavaThread "Monitor Deflation Thread" daemon [_thread_blocked, id=9084, stack(0x00000008bdf00000,0x00000008be000000)]
=>0x000001507fdbcd00 JavaThread "C2 CompilerThread0" daemon [_thread_in_native, id=12816, stack(0x00000008be000000,0x00000008be100000)]
  0x000001507fdc3610 JavaThread "C1 CompilerThread0" daemon [_thread_blocked, id=23684, stack(0x00000008be100000,0x00000008be200000)]
  0x000001507fdad660 JavaThread "Sweeper thread" daemon [_thread_blocked, id=25528, stack(0x00000008be200000,0x00000008be300000)]
  0x000001507fdae650 JavaThread "Common-Cleaner" daemon [_thread_blocked, id=10832, stack(0x00000008be300000,0x00000008be400000)]
  0x000001507fdaeba0 JavaThread "Notification Thread" daemon [_thread_blocked, id=25584, stack(0x00000008be400000,0x00000008be500000)]
  0x000001507fdadbb0 JavaThread "Daemon health stats" [_thread_blocked, id=6556, stack(0x00000008bed00000,0x00000008bee00000)]
  0x0000015039de1ea0 JavaThread "Incoming local TCP Connector on port 61464" [_thread_in_native, id=24436, stack(0x00000008bee00000,0x00000008bef00000)]
  0x0000015039de4e70 JavaThread "Daemon periodic checks" [_thread_blocked, id=17676, stack(0x00000008bef00000,0x00000008bf000000)]
  0x0000015039de1950 JavaThread "Daemon" [_thread_blocked, id=25992, stack(0x00000008bf000000,0x00000008bf100000)]
  0x0000015039de1400 JavaThread "Handler for socket connection from /127.0.0.1:61464 to /127.0.0.1:61465" [_thread_in_native, id=25892, stack(0x00000008bf100000,0x00000008bf200000)]
  0x0000015039de4920 JavaThread "Cancel handler" [_thread_blocked, id=26104, stack(0x00000008bf200000,0x00000008bf300000)]
  0x0000015039de3e80 JavaThread "Daemon worker" [_thread_in_Java, id=24828, stack(0x00000008bf300000,0x00000008bf400000)]
  0x0000015039de53c0 JavaThread "Asynchronous log dispatcher for DefaultDaemonConnection: socket connection from /127.0.0.1:61464 to /127.0.0.1:61465" [_thread_blocked, id=27248, stack(0x00000008bf400000,0x00000008bf500000)]
  0x0000015039de5910 JavaThread "Stdin handler" [_thread_blocked, id=26940, stack(0x00000008bf500000,0x00000008bf600000)]
  0x0000015039de2e90 JavaThread "Daemon client event forwarder" [_thread_blocked, id=25704, stack(0x00000008bf600000,0x00000008bf700000)]
  0x0000015039de5e60 JavaThread "Cache worker for journal cache (C:\Users\RAHUL\.gradle\caches\journal-1)" [_thread_blocked, id=2368, stack(0x00000008bf700000,0x00000008bf800000)]
  0x0000015039de43d0 JavaThread "File lock request listener" [_thread_in_native, id=16676, stack(0x00000008bf800000,0x00000008bf900000)]
  0x0000015039de23f0 JavaThread "Cache worker for file hash cache (C:\Users\RAHUL\.gradle\caches\8.10.2\fileHashes)" [_thread_blocked, id=14488, stack(0x00000008bf900000,0x00000008bfa00000)]
  0x0000015039de2940 JavaThread "Cache worker for file hash cache (L:\flutter Projects\moodmate\moodmate\android\.gradle\8.10.2\fileHashes)" [_thread_blocked, id=7004, stack(0x00000008bff00000,0x00000008c0000000)]
  0x0000015039de6900 JavaThread "Cache worker for Build Output Cleanup Cache (L:\flutter Projects\moodmate\moodmate\android\.gradle\buildOutputCleanup)" [_thread_blocked, id=17888, stack(0x00000008c0000000,0x00000008c0100000)]
  0x0000015039de3930 JavaThread "File watcher server" daemon [_thread_in_native, id=22740, stack(0x00000008c0100000,0x00000008c0200000)]
  0x0000015039de33e0 JavaThread "File watcher consumer" daemon [_thread_blocked, id=14476, stack(0x00000008c0200000,0x00000008c0300000)]
  0x0000015039de73a0 JavaThread "Cache worker for checksums cache (L:\flutter Projects\moodmate\moodmate\android\.gradle\8.10.2\checksums)" [_thread_blocked, id=20104, stack(0x00000008c0300000,0x00000008c0400000)]
  0x0000015039de78f0 JavaThread "Cache worker for file content cache (C:\Users\RAHUL\.gradle\caches\8.10.2\fileContent)" [_thread_blocked, id=14896, stack(0x00000008c0400000,0x00000008c0500000)]
  0x0000015039de7e40 JavaThread "Cache worker for cache directory md-rule (C:\Users\RAHUL\.gradle\caches\8.10.2\md-rule)" [_thread_blocked, id=25280, stack(0x00000008c0500000,0x00000008c0600000)]
  0x0000015039de88e0 JavaThread "Cache worker for cache directory md-supplier (C:\Users\RAHUL\.gradle\caches\8.10.2\md-supplier)" [_thread_blocked, id=26064, stack(0x00000008c0600000,0x00000008c0700000)]
  0x000001503b76d210 JavaThread "Cache worker for Build Output Cleanup Cache (L:\flutter sdk\flutter\packages\flutter_tools\gradle\.gradle\buildOutputCleanup)" [_thread_blocked, id=26420, stack(0x00000008c0900000,0x00000008c0a00000)]
  0x000001503b7731b0 JavaThread "Kotlin DSL Writer" [_thread_blocked, id=26308, stack(0x00000008c0b00000,0x00000008c0c00000)]
  0x000001503b7721c0 JavaThread "Unconstrained build operations" [_thread_blocked, id=27604, stack(0x00000008c0c00000,0x00000008c0d00000)]
  0x0000015037cb0d50 JavaThread "Unconstrained build operations Thread 2" [_thread_blocked, id=16604, stack(0x00000008c0d00000,0x00000008c0e00000)]
  0x000001504b8515a0 JavaThread "Unconstrained build operations Thread 3" [_thread_blocked, id=3448, stack(0x00000008c0e00000,0x00000008c0f00000)]
  0x000001504b853ad0 JavaThread "Unconstrained build operations Thread 4" [_thread_blocked, id=12732, stack(0x00000008c0f00000,0x00000008c1000000)]
  0x000001504b852ae0 JavaThread "Unconstrained build operations Thread 5" [_thread_blocked, id=24632, stack(0x00000008c1000000,0x00000008c1100000)]
  0x000001504b851af0 JavaThread "Unconstrained build operations Thread 6" [_thread_blocked, id=21768, stack(0x00000008c1100000,0x00000008c1200000)]
  0x000001504b852040 JavaThread "Unconstrained build operations Thread 7" [_thread_blocked, id=19504, stack(0x00000008c1200000,0x00000008c1300000)]
  0x000001504b8505b0 JavaThread "Unconstrained build operations Thread 8" [_thread_blocked, id=26320, stack(0x00000008c1300000,0x00000008c1400000)]
  0x000001504b850b00 JavaThread "Unconstrained build operations Thread 9" [_thread_blocked, id=27344, stack(0x00000008c1400000,0x00000008c1500000)]
  0x000001504b853030 JavaThread "Unconstrained build operations Thread 10" [_thread_blocked, id=19000, stack(0x00000008c1500000,0x00000008c1600000)]
  0x000001504b853580 JavaThread "Unconstrained build operations Thread 11" [_thread_blocked, id=4812, stack(0x00000008c1600000,0x00000008c1700000)]
  0x000001504b850060 JavaThread "Unconstrained build operations Thread 12" [_thread_blocked, id=17700, stack(0x00000008c1700000,0x00000008c1800000)]
  0x000001504b854020 JavaThread "Unconstrained build operations Thread 13" [_thread_blocked, id=16508, stack(0x00000008c1800000,0x00000008c1900000)]
  0x000001504b854570 JavaThread "Unconstrained build operations Thread 14" [_thread_blocked, id=21520, stack(0x00000008c1900000,0x00000008c1a00000)]
  0x000001504b854ac0 JavaThread "Unconstrained build operations Thread 15" [_thread_blocked, id=6076, stack(0x00000008c1a00000,0x00000008c1b00000)]
  0x000001504b851050 JavaThread "Unconstrained build operations Thread 16" [_thread_blocked, id=26476, stack(0x00000008c1b00000,0x00000008c1c00000)]
  0x000001504b855560 JavaThread "Unconstrained build operations Thread 17" [_thread_blocked, id=26984, stack(0x00000008c1c00000,0x00000008c1d00000)]
  0x000001504b855ab0 JavaThread "Unconstrained build operations Thread 18" [_thread_blocked, id=24972, stack(0x00000008c1d00000,0x00000008c1e00000)]
  0x000001504b855010 JavaThread "Unconstrained build operations Thread 19" [_thread_blocked, id=25836, stack(0x00000008c1e00000,0x00000008c1f00000)]
  0x000001504b856000 JavaThread "Unconstrained build operations Thread 20" [_thread_blocked, id=25800, stack(0x00000008c1f00000,0x00000008c2000000)]
  0x000001504b852590 JavaThread "Unconstrained build operations Thread 21" [_thread_blocked, id=12292, stack(0x00000008c2000000,0x00000008c2100000)]
  0x000001504b856550 JavaThread "Unconstrained build operations Thread 22" [_thread_blocked, id=25964, stack(0x00000008c2100000,0x00000008c2200000)]
  0x000001504b856ff0 JavaThread "Unconstrained build operations Thread 23" [_thread_blocked, id=26356, stack(0x00000008c0a00000,0x00000008c0b00000)]
  0x000001504b857540 JavaThread "Unconstrained build operations Thread 24" [_thread_blocked, id=26924, stack(0x00000008c2200000,0x00000008c2300000)]
  0x000001504b857a90 JavaThread "Unconstrained build operations Thread 25" [_thread_blocked, id=19580, stack(0x00000008c2300000,0x00000008c2400000)]
  0x000001504bfeb3d0 JavaThread "Unconstrained build operations Thread 26" [_thread_blocked, id=13808, stack(0x00000008c2400000,0x00000008c2500000)]
  0x000001504bfe9e90 JavaThread "Unconstrained build operations Thread 27" [_thread_blocked, id=24020, stack(0x00000008c2500000,0x00000008c2600000)]
  0x000001504bfeae80 JavaThread "Unconstrained build operations Thread 28" [_thread_blocked, id=12436, stack(0x00000008c2600000,0x00000008c2700000)]
  0x000001504bfede50 JavaThread "Unconstrained build operations Thread 29" [_thread_blocked, id=7236, stack(0x00000008c2700000,0x00000008c2800000)]
  0x000001504bfece60 JavaThread "Unconstrained build operations Thread 30" [_thread_blocked, id=26732, stack(0x00000008c2800000,0x00000008c2900000)]
  0x000001504bfeb920 JavaThread "Unconstrained build operations Thread 31" [_thread_blocked, id=8664, stack(0x00000008c2900000,0x00000008c2a00000)]
  0x000001504bfed900 JavaThread "Unconstrained build operations Thread 32" [_thread_blocked, id=27524, stack(0x00000008c2a00000,0x00000008c2b00000)]
  0x000001504bfed3b0 JavaThread "Unconstrained build operations Thread 33" [_thread_blocked, id=18668, stack(0x00000008c2b00000,0x00000008c2c00000)]
  0x000001504bfea930 JavaThread "Memory manager" [_thread_blocked, id=13348, stack(0x00000008bfa00000,0x00000008bfb00000)]
  0x000001504bfeee40 JavaThread "build event listener" [_thread_blocked, id=23056, stack(0x00000008c2c00000,0x00000008c2d00000)]

Other Threads:
  0x000001507fd7d8d0 VMThread "VM Thread" [stack: 0x00000008bd900000,0x00000008bda00000] [id=27420]
  0x0000015075508960 WatcherThread "VM Periodic Task Thread" [stack: 0x00000008be500000,0x00000008be600000] [id=3548]
  0x00000150755b97e0 WorkerThread "GC Thread#0" [stack: 0x00000008bd400000,0x00000008bd500000] [id=17788]
  0x00000150381447b0 WorkerThread "GC Thread#1" [stack: 0x00000008be700000,0x00000008be800000] [id=21300]
  0x000001503813b7e0 WorkerThread "GC Thread#2" [stack: 0x00000008be800000,0x00000008be900000] [id=1636]
  0x000001503868ac90 WorkerThread "GC Thread#3" [stack: 0x00000008be600000,0x00000008be700000] [id=2096]
  0x000001503868baa0 WorkerThread "GC Thread#4" [stack: 0x00000008be900000,0x00000008bea00000] [id=27536]
  0x000001503868c5e0 WorkerThread "GC Thread#5" [stack: 0x00000008bea00000,0x00000008beb00000] [id=20084]
  0x000001503868b7d0 WorkerThread "GC Thread#6" [stack: 0x00000008beb00000,0x00000008bec00000] [id=26100]
  0x00000150399e3e80 WorkerThread "GC Thread#7" [stack: 0x00000008bec00000,0x00000008bed00000] [id=27100]
  0x00000150399e1cc0 WorkerThread "GC Thread#8" [stack: 0x00000008bfb00000,0x00000008bfc00000] [id=26836]
  0x00000150399e0eb0 WorkerThread "GC Thread#9" [stack: 0x00000008bfc00000,0x00000008bfd00000] [id=16900]
  0x00000150755be3f0 ConcurrentGCThread "G1 Main Marker" [stack: 0x00000008bd500000,0x00000008bd600000] [id=23768]
  0x000001507fbdd8f0 WorkerThread "G1 Conc#0" [stack: 0x00000008bd600000,0x00000008bd700000] [id=20456]
  0x00000150399e2800 WorkerThread "G1 Conc#1" [stack: 0x00000008bfd00000,0x00000008bfe00000] [id=26048]
  0x00000150399e2ad0 WorkerThread "G1 Conc#2" [stack: 0x00000008bfe00000,0x00000008bff00000] [id=20528]
  0x000001507fc39520 ConcurrentGCThread "G1 Refine#0" [stack: 0x00000008bd700000,0x00000008bd800000] [id=16916]
  0x000001507fc39f70 ConcurrentGCThread "G1 Service" [stack: 0x00000008bd800000,0x00000008bd900000] [id=8800]

Threads with active compile tasks:
C2 CompilerThread0    54111 17638   !   4       kotlinx.metadata.internal.metadata.ProtoBuf$Property::<init> (1283 bytes)

VM state: not at safepoint (normal execution)

VM Mutex/Monitor currently owned by a thread: None

Heap address: 0x0000000600000000, size: 8192 MB, Compressed Oops mode: Zero based, Oop shift amount: 3

CDS archive(s) mapped at: [0x0000000800000000-0x0000000800c40000-0x0000000800c40000), size 12845056, SharedBaseAddress: 0x0000000800000000, ArchiveRelocationMode: 0.
Compressed class space mapped at: 0x0000000801000000-0x0000000841000000, reserved size: 1073741824
Narrow klass base: 0x0000000800000000, Narrow klass shift: 0, Narrow klass range: 0x100000000

GC Precious Log:
 CardTable entry size: 512
 Card Set container configuration: InlinePtr #cards 4 size 8 Array Of Cards #cards 32 size 80 Howl #buckets 8 coarsen threshold 7372 Howl Bitmap #cards 1024 size 144 coarsen threshold 921 Card regions per heap region 1 cards per card region 8192
 CPUs: 12 total, 12 available
 Memory: 7521M
 Large Page Support: Disabled
 NUMA Support: Disabled
 Compressed Oops: Enabled (Zero based)
 Heap Region Size: 4M
 Heap Min Capacity: 8M
 Heap Initial Capacity: 120M
 Heap Max Capacity: 8G
 Pre-touch: Disabled
 Parallel Workers: 10
 Concurrent Workers: 3
 Concurrent Refinement Workers: 10
 Periodic GC: Disabled

Heap:
 garbage-first heap   total 856064K, used 592120K [0x0000000600000000, 0x0000000800000000)
  region size 4096K, 110 young (450560K), 4 survivors (16384K)
 Metaspace       used 130694K, committed 133056K, reserved 1179648K
  class space    used 16503K, committed 17792K, reserved 1048576K

Heap Regions: E=young(eden), S=young(survivor), O=old, HS=humongous(starts), HC=humongous(continues), CS=collection set, F=free, OA=open archive, CA=closed archive, TAMS=top-at-mark-start (previous, next)
|   0|0x0000000600000000, 0x0000000600400000, 0x0000000600400000|100%|HS|  |TAMS 0x0000000600400000, 0x0000000600000000| Complete 
|   1|0x0000000600400000, 0x0000000600800000, 0x0000000600800000|100%| O|  |TAMS 0x0000000600800000, 0x0000000600400000| Untracked 
|   2|0x0000000600800000, 0x0000000600c00000, 0x0000000600c00000|100%| O|  |TAMS 0x0000000600c00000, 0x0000000600800000| Untracked 
|   3|0x0000000600c00000, 0x0000000601000000, 0x0000000601000000|100%| O|  |TAMS 0x0000000601000000, 0x0000000600c00000| Untracked 
|   4|0x0000000601000000, 0x0000000601400000, 0x0000000601400000|100%| O|  |TAMS 0x0000000601400000, 0x0000000601000000| Untracked 
|   5|0x0000000601400000, 0x0000000601800000, 0x0000000601800000|100%| O|  |TAMS 0x0000000601800000, 0x0000000601400000| Untracked 
|   6|0x0000000601800000, 0x0000000601c00000, 0x0000000601c00000|100%| O|  |TAMS 0x0000000601c00000, 0x0000000601800000| Untracked 
|   7|0x0000000601c00000, 0x0000000602000000, 0x0000000602000000|100%| O|  |TAMS 0x0000000602000000, 0x0000000601c00000| Untracked 
|   8|0x0000000602000000, 0x0000000602400000, 0x0000000602400000|100%| O|  |TAMS 0x0000000602000000, 0x0000000602000000| Untracked 
|   9|0x0000000602400000, 0x0000000602800000, 0x0000000602800000|100%|HS|  |TAMS 0x0000000602400000, 0x0000000602400000| Complete 
|  10|0x0000000602800000, 0x0000000602c00000, 0x0000000602c00000|100%| O|  |TAMS 0x0000000602c00000, 0x0000000602800000| Untracked 
|  11|0x0000000602c00000, 0x0000000603000000, 0x0000000603000000|100%|HS|  |TAMS 0x0000000603000000, 0x0000000602c00000| Complete 
|  12|0x0000000603000000, 0x0000000603400000, 0x0000000603400000|100%|HC|  |TAMS 0x0000000603400000, 0x0000000603000000| Complete 
|  13|0x0000000603400000, 0x0000000603800000, 0x0000000603800000|100%| O|  |TAMS 0x0000000603400000, 0x0000000603400000| Untracked 
|  14|0x0000000603800000, 0x0000000603c00000, 0x0000000603c00000|100%| O|  |TAMS 0x0000000603c00000, 0x0000000603800000| Untracked 
|  15|0x0000000603c00000, 0x0000000604000000, 0x0000000604000000|100%| O|  |TAMS 0x0000000604000000, 0x0000000603c00000| Untracked 
|  16|0x0000000604000000, 0x0000000604400000, 0x0000000604400000|100%| O|  |TAMS 0x0000000604400000, 0x0000000604000000| Untracked 
|  17|0x0000000604400000, 0x0000000604800000, 0x0000000604800000|100%| O|  |TAMS 0x0000000604800000, 0x0000000604400000| Untracked 
|  18|0x0000000604800000, 0x0000000604c00000, 0x0000000604c00000|100%| O|  |TAMS 0x0000000604c00000, 0x0000000604800000| Untracked 
|  19|0x0000000604c00000, 0x0000000605000000, 0x0000000605000000|100%| O|  |TAMS 0x0000000605000000, 0x0000000604c00000| Untracked 
|  20|0x0000000605000000, 0x0000000605400000, 0x0000000605400000|100%| O|  |TAMS 0x0000000605277c00, 0x0000000605000000| Untracked 
|  21|0x0000000605400000, 0x0000000605800000, 0x0000000605800000|100%| O|  |TAMS 0x0000000605400000, 0x0000000605400000| Untracked 
|  22|0x0000000605800000, 0x0000000605c00000, 0x0000000605c00000|100%| O|  |TAMS 0x0000000605800000, 0x0000000605800000| Untracked 
|  23|0x0000000605c00000, 0x0000000606000000, 0x0000000606000000|100%| O|  |TAMS 0x0000000605c00000, 0x0000000605c00000| Untracked 
|  24|0x0000000606000000, 0x0000000606400000, 0x0000000606400000|100%| O|  |TAMS 0x0000000606000000, 0x0000000606000000| Untracked 
|  25|0x0000000606400000, 0x0000000606800000, 0x0000000606800000|100%| O|  |TAMS 0x0000000606400000, 0x0000000606400000| Untracked 
|  26|0x0000000606800000, 0x0000000606c00000, 0x0000000606c00000|100%| O|  |TAMS 0x0000000606800000, 0x0000000606800000| Untracked 
|  27|0x0000000606c00000, 0x0000000607000000, 0x0000000607000000|100%| O|  |TAMS 0x0000000606c00000, 0x0000000606c00000| Untracked 
|  28|0x0000000607000000, 0x0000000607400000, 0x0000000607400000|100%| O|  |TAMS 0x0000000607000000, 0x0000000607000000| Untracked 
|  29|0x0000000607400000, 0x0000000607800000, 0x0000000607800000|100%| O|  |TAMS 0x0000000607400000, 0x0000000607400000| Untracked 
|  30|0x0000000607800000, 0x0000000607c00000, 0x0000000607c00000|100%| O|  |TAMS 0x0000000607800000, 0x0000000607800000| Untracked 
|  31|0x0000000607c00000, 0x0000000608000000, 0x0000000608000000|100%| O|  |TAMS 0x0000000607c00000, 0x0000000607c00000| Untracked 
|  32|0x0000000608000000, 0x0000000608400000, 0x0000000608400000|100%| O|  |TAMS 0x0000000608000000, 0x0000000608000000| Untracked 
|  33|0x0000000608400000, 0x0000000608800000, 0x0000000608800000|100%| O|  |TAMS 0x0000000608400000, 0x0000000608400000| Untracked 
|  34|0x0000000608800000, 0x0000000608a8f800, 0x0000000608c00000| 64%| O|  |TAMS 0x0000000608800000, 0x0000000608800000| Untracked 
|  35|0x0000000608c00000, 0x0000000608c00000, 0x0000000609000000|  0%| F|  |TAMS 0x0000000608c00000, 0x0000000608c00000| Untracked 
|  36|0x0000000609000000, 0x0000000609400000, 0x0000000609400000|100%|HS|  |TAMS 0x0000000609000000, 0x0000000609000000| Complete 
|  37|0x0000000609400000, 0x0000000609400000, 0x0000000609800000|  0%| F|  |TAMS 0x0000000609400000, 0x0000000609400000| Untracked 
|  38|0x0000000609800000, 0x0000000609800000, 0x0000000609c00000|  0%| F|  |TAMS 0x0000000609800000, 0x0000000609800000| Untracked 
|  39|0x0000000609c00000, 0x0000000609c00000, 0x000000060a000000|  0%| F|  |TAMS 0x0000000609c00000, 0x0000000609c00000| Untracked 
|  40|0x000000060a000000, 0x000000060a000000, 0x000000060a400000|  0%| F|  |TAMS 0x000000060a000000, 0x000000060a000000| Untracked 
|  41|0x000000060a400000, 0x000000060a400000, 0x000000060a800000|  0%| F|  |TAMS 0x000000060a400000, 0x000000060a400000| Untracked 
|  42|0x000000060a800000, 0x000000060a800000, 0x000000060ac00000|  0%| F|  |TAMS 0x000000060a800000, 0x000000060a800000| Untracked 
|  43|0x000000060ac00000, 0x000000060ac00000, 0x000000060b000000|  0%| F|  |TAMS 0x000000060ac00000, 0x000000060ac00000| Untracked 
|  44|0x000000060b000000, 0x000000060b000000, 0x000000060b400000|  0%| F|  |TAMS 0x000000060b000000, 0x000000060b000000| Untracked 
|  45|0x000000060b400000, 0x000000060b400000, 0x000000060b800000|  0%| F|  |TAMS 0x000000060b400000, 0x000000060b400000| Untracked 
|  46|0x000000060b800000, 0x000000060b800000, 0x000000060bc00000|  0%| F|  |TAMS 0x000000060b800000, 0x000000060b800000| Untracked 
|  47|0x000000060bc00000, 0x000000060bc00000, 0x000000060c000000|  0%| F|  |TAMS 0x000000060bc00000, 0x000000060bc00000| Untracked 
|  48|0x000000060c000000, 0x000000060c000000, 0x000000060c400000|  0%| F|  |TAMS 0x000000060c000000, 0x000000060c000000| Untracked 
|  49|0x000000060c400000, 0x000000060c400000, 0x000000060c800000|  0%| F|  |TAMS 0x000000060c400000, 0x000000060c400000| Untracked 
|  50|0x000000060c800000, 0x000000060c800000, 0x000000060cc00000|  0%| F|  |TAMS 0x000000060c800000, 0x000000060c800000| Untracked 
|  51|0x000000060cc00000, 0x000000060cc00000, 0x000000060d000000|  0%| F|  |TAMS 0x000000060cc00000, 0x000000060cc00000| Untracked 
|  52|0x000000060d000000, 0x000000060d000000, 0x000000060d400000|  0%| F|  |TAMS 0x000000060d000000, 0x000000060d000000| Untracked 
|  53|0x000000060d400000, 0x000000060d400000, 0x000000060d800000|  0%| F|  |TAMS 0x000000060d400000, 0x000000060d400000| Untracked 
|  54|0x000000060d800000, 0x000000060d800000, 0x000000060dc00000|  0%| F|  |TAMS 0x000000060d800000, 0x000000060d800000| Untracked 
|  55|0x000000060dc00000, 0x000000060dc00000, 0x000000060e000000|  0%| F|  |TAMS 0x000000060dc00000, 0x000000060dc00000| Untracked 
|  56|0x000000060e000000, 0x000000060e000000, 0x000000060e400000|  0%| F|  |TAMS 0x000000060e000000, 0x000000060e000000| Untracked 
|  57|0x000000060e400000, 0x000000060e400000, 0x000000060e800000|  0%| F|  |TAMS 0x000000060e400000, 0x000000060e400000| Untracked 
|  58|0x000000060e800000, 0x000000060e800000, 0x000000060ec00000|  0%| F|  |TAMS 0x000000060e800000, 0x000000060e800000| Untracked 
|  59|0x000000060ec00000, 0x000000060ec00000, 0x000000060f000000|  0%| F|  |TAMS 0x000000060ec00000, 0x000000060ec00000| Untracked 
|  60|0x000000060f000000, 0x000000060f000000, 0x000000060f400000|  0%| F|  |TAMS 0x000000060f000000, 0x000000060f000000| Untracked 
|  61|0x000000060f400000, 0x000000060f400000, 0x000000060f800000|  0%| F|  |TAMS 0x000000060f400000, 0x000000060f400000| Untracked 
|  62|0x000000060f800000, 0x000000060f800000, 0x000000060fc00000|  0%| F|  |TAMS 0x000000060f800000, 0x000000060f800000| Untracked 
|  63|0x000000060fc00000, 0x000000060fc00000, 0x0000000610000000|  0%| F|  |TAMS 0x000000060fc00000, 0x000000060fc00000| Untracked 
|  64|0x0000000610000000, 0x0000000610000000, 0x0000000610400000|  0%| F|  |TAMS 0x0000000610000000, 0x0000000610000000| Untracked 
|  65|0x0000000610400000, 0x0000000610400000, 0x0000000610800000|  0%| F|  |TAMS 0x0000000610400000, 0x0000000610400000| Untracked 
|  66|0x0000000610800000, 0x0000000610800000, 0x0000000610c00000|  0%| F|  |TAMS 0x0000000610800000, 0x0000000610800000| Untracked 
|  67|0x0000000610c00000, 0x0000000610c00000, 0x0000000611000000|  0%| F|  |TAMS 0x0000000610c00000, 0x0000000610c00000| Untracked 
|  68|0x0000000611000000, 0x0000000611000000, 0x0000000611400000|  0%| F|  |TAMS 0x0000000611000000, 0x0000000611000000| Untracked 
|  69|0x0000000611400000, 0x0000000611400000, 0x0000000611800000|  0%| F|  |TAMS 0x0000000611400000, 0x0000000611400000| Untracked 
|  70|0x0000000611800000, 0x0000000611800000, 0x0000000611c00000|  0%| F|  |TAMS 0x0000000611800000, 0x0000000611800000| Untracked 
|  71|0x0000000611c00000, 0x0000000611c00000, 0x0000000612000000|  0%| F|  |TAMS 0x0000000611c00000, 0x0000000611c00000| Untracked 
|  72|0x0000000612000000, 0x0000000612000000, 0x0000000612400000|  0%| F|  |TAMS 0x0000000612000000, 0x0000000612000000| Untracked 
|  73|0x0000000612400000, 0x0000000612400000, 0x0000000612800000|  0%| F|  |TAMS 0x0000000612400000, 0x0000000612400000| Untracked 
|  74|0x0000000612800000, 0x0000000612800000, 0x0000000612c00000|  0%| F|  |TAMS 0x0000000612800000, 0x0000000612800000| Untracked 
|  75|0x0000000612c00000, 0x0000000612c00000, 0x0000000613000000|  0%| F|  |TAMS 0x0000000612c00000, 0x0000000612c00000| Untracked 
|  76|0x0000000613000000, 0x0000000613000000, 0x0000000613400000|  0%| F|  |TAMS 0x0000000613000000, 0x0000000613000000| Untracked 
|  77|0x0000000613400000, 0x0000000613400000, 0x0000000613800000|  0%| F|  |TAMS 0x0000000613400000, 0x0000000613400000| Untracked 
|  78|0x0000000613800000, 0x0000000613800000, 0x0000000613c00000|  0%| F|  |TAMS 0x0000000613800000, 0x0000000613800000| Untracked 
|  79|0x0000000613c00000, 0x0000000613c00000, 0x0000000614000000|  0%| F|  |TAMS 0x0000000613c00000, 0x0000000613c00000| Untracked 
|  80|0x0000000614000000, 0x0000000614000000, 0x0000000614400000|  0%| F|  |TAMS 0x0000000614000000, 0x0000000614000000| Untracked 
|  81|0x0000000614400000, 0x0000000614400000, 0x0000000614800000|  0%| F|  |TAMS 0x0000000614400000, 0x0000000614400000| Untracked 
|  82|0x0000000614800000, 0x0000000614800000, 0x0000000614c00000|  0%| F|  |TAMS 0x0000000614800000, 0x0000000614800000| Untracked 
|  83|0x0000000614c00000, 0x0000000614c00000, 0x0000000615000000|  0%| F|  |TAMS 0x0000000614c00000, 0x0000000614c00000| Untracked 
|  84|0x0000000615000000, 0x00000006153aebd8, 0x0000000615400000| 92%| S|CS|TAMS 0x0000000615000000, 0x0000000615000000| Complete 
|  85|0x0000000615400000, 0x0000000615800000, 0x0000000615800000|100%| S|CS|TAMS 0x0000000615400000, 0x0000000615400000| Complete 
|  86|0x0000000615800000, 0x0000000615800000, 0x0000000615c00000|  0%| F|  |TAMS 0x0000000615800000, 0x0000000615800000| Untracked 
|  87|0x0000000615c00000, 0x0000000616000000, 0x0000000616000000|100%| S|CS|TAMS 0x0000000615c00000, 0x0000000615c00000| Complete 
|  88|0x0000000616000000, 0x0000000616400000, 0x0000000616400000|100%| S|CS|TAMS 0x0000000616000000, 0x0000000616000000| Complete 
|  89|0x0000000616400000, 0x0000000616400000, 0x0000000616800000|  0%| F|  |TAMS 0x0000000616400000, 0x0000000616400000| Untracked 
|  90|0x0000000616800000, 0x0000000616800000, 0x0000000616c00000|  0%| F|  |TAMS 0x0000000616800000, 0x0000000616800000| Untracked 
|  91|0x0000000616c00000, 0x0000000616c00000, 0x0000000617000000|  0%| F|  |TAMS 0x0000000616c00000, 0x0000000616c00000| Untracked 
|  92|0x0000000617000000, 0x0000000617000000, 0x0000000617400000|  0%| F|  |TAMS 0x0000000617000000, 0x0000000617000000| Untracked 
|  93|0x0000000617400000, 0x0000000617400000, 0x0000000617800000|  0%| F|  |TAMS 0x0000000617400000, 0x0000000617400000| Untracked 
|  94|0x0000000617800000, 0x0000000617800000, 0x0000000617c00000|  0%| F|  |TAMS 0x0000000617800000, 0x0000000617800000| Untracked 
|  95|0x0000000617c00000, 0x0000000617c00000, 0x0000000618000000|  0%| F|  |TAMS 0x0000000617c00000, 0x0000000617c00000| Untracked 
|  96|0x0000000618000000, 0x0000000618000000, 0x0000000618400000|  0%| F|  |TAMS 0x0000000618000000, 0x0000000618000000| Untracked 
|  97|0x0000000618400000, 0x0000000618400000, 0x0000000618800000|  0%| F|  |TAMS 0x0000000618400000, 0x0000000618400000| Untracked 
|  98|0x0000000618800000, 0x0000000618800000, 0x0000000618c00000|  0%| F|  |TAMS 0x0000000618800000, 0x0000000618800000| Untracked 
|  99|0x0000000618c00000, 0x0000000618c00000, 0x0000000619000000|  0%| F|  |TAMS 0x0000000618c00000, 0x0000000618c00000| Untracked 
| 100|0x0000000619000000, 0x0000000619000000, 0x0000000619400000|  0%| F|  |TAMS 0x0000000619000000, 0x0000000619000000| Untracked 
| 101|0x0000000619400000, 0x0000000619400000, 0x0000000619800000|  0%| F|  |TAMS 0x0000000619400000, 0x0000000619400000| Untracked 
| 102|0x0000000619800000, 0x0000000619800000, 0x0000000619c00000|  0%| F|  |TAMS 0x0000000619800000, 0x0000000619800000| Untracked 
| 103|0x0000000619c00000, 0x0000000619c08688, 0x000000061a000000|  0%| E|  |TAMS 0x0000000619c00000, 0x0000000619c00000| Complete 
| 104|0x000000061a000000, 0x000000061a400000, 0x000000061a400000|100%| E|CS|TAMS 0x000000061a000000, 0x000000061a000000| Complete 
| 105|0x000000061a400000, 0x000000061a800000, 0x000000061a800000|100%| E|CS|TAMS 0x000000061a400000, 0x000000061a400000| Complete 
| 106|0x000000061a800000, 0x000000061ac00000, 0x000000061ac00000|100%| E|CS|TAMS 0x000000061a800000, 0x000000061a800000| Complete 
| 107|0x000000061ac00000, 0x000000061b000000, 0x000000061b000000|100%| E|CS|TAMS 0x000000061ac00000, 0x000000061ac00000| Complete 
| 108|0x000000061b000000, 0x000000061b400000, 0x000000061b400000|100%| E|CS|TAMS 0x000000061b000000, 0x000000061b000000| Complete 
| 109|0x000000061b400000, 0x000000061b800000, 0x000000061b800000|100%| E|CS|TAMS 0x000000061b400000, 0x000000061b400000| Complete 
| 110|0x000000061b800000, 0x000000061bc00000, 0x000000061bc00000|100%| E|CS|TAMS 0x000000061b800000, 0x000000061b800000| Complete 
| 111|0x000000061bc00000, 0x000000061c000000, 0x000000061c000000|100%| E|CS|TAMS 0x000000061bc00000, 0x000000061bc00000| Complete 
| 112|0x000000061c000000, 0x000000061c400000, 0x000000061c400000|100%| E|CS|TAMS 0x000000061c000000, 0x000000061c000000| Complete 
| 113|0x000000061c400000, 0x000000061c800000, 0x000000061c800000|100%| E|CS|TAMS 0x000000061c400000, 0x000000061c400000| Complete 
| 114|0x000000061c800000, 0x000000061cc00000, 0x000000061cc00000|100%| E|CS|TAMS 0x000000061c800000, 0x000000061c800000| Complete 
| 115|0x000000061cc00000, 0x000000061d000000, 0x000000061d000000|100%| E|CS|TAMS 0x000000061cc00000, 0x000000061cc00000| Complete 
| 116|0x000000061d000000, 0x000000061d400000, 0x000000061d400000|100%| E|CS|TAMS 0x000000061d000000, 0x000000061d000000| Complete 
| 117|0x000000061d400000, 0x000000061d800000, 0x000000061d800000|100%| E|CS|TAMS 0x000000061d400000, 0x000000061d400000| Complete 
| 118|0x000000061d800000, 0x000000061dc00000, 0x000000061dc00000|100%| E|CS|TAMS 0x000000061d800000, 0x000000061d800000| Complete 
| 119|0x000000061dc00000, 0x000000061e000000, 0x000000061e000000|100%| E|CS|TAMS 0x000000061dc00000, 0x000000061dc00000| Complete 
| 120|0x000000061e000000, 0x000000061e400000, 0x000000061e400000|100%| E|CS|TAMS 0x000000061e000000, 0x000000061e000000| Complete 
| 121|0x000000061e400000, 0x000000061e800000, 0x000000061e800000|100%| E|CS|TAMS 0x000000061e400000, 0x000000061e400000| Complete 
| 122|0x000000061e800000, 0x000000061ec00000, 0x000000061ec00000|100%| E|CS|TAMS 0x000000061e800000, 0x000000061e800000| Complete 
| 123|0x000000061ec00000, 0x000000061f000000, 0x000000061f000000|100%| E|CS|TAMS 0x000000061ec00000, 0x000000061ec00000| Complete 
| 124|0x000000061f000000, 0x000000061f400000, 0x000000061f400000|100%| E|CS|TAMS 0x000000061f000000, 0x000000061f000000| Complete 
| 125|0x000000061f400000, 0x000000061f800000, 0x000000061f800000|100%| E|CS|TAMS 0x000000061f400000, 0x000000061f400000| Complete 
| 126|0x000000061f800000, 0x000000061fc00000, 0x000000061fc00000|100%| E|CS|TAMS 0x000000061f800000, 0x000000061f800000| Complete 
| 127|0x000000061fc00000, 0x0000000620000000, 0x0000000620000000|100%| E|CS|TAMS 0x000000061fc00000, 0x000000061fc00000| Complete 
| 128|0x0000000620000000, 0x0000000620400000, 0x0000000620400000|100%| E|CS|TAMS 0x0000000620000000, 0x0000000620000000| Complete 
| 129|0x0000000620400000, 0x0000000620800000, 0x0000000620800000|100%| E|CS|TAMS 0x0000000620400000, 0x0000000620400000| Complete 
| 130|0x0000000620800000, 0x0000000620c00000, 0x0000000620c00000|100%| E|CS|TAMS 0x0000000620800000, 0x0000000620800000| Complete 
| 131|0x0000000620c00000, 0x0000000621000000, 0x0000000621000000|100%| E|CS|TAMS 0x0000000620c00000, 0x0000000620c00000| Complete 
| 132|0x0000000621000000, 0x0000000621400000, 0x0000000621400000|100%| E|CS|TAMS 0x0000000621000000, 0x0000000621000000| Complete 
| 133|0x0000000621400000, 0x0000000621800000, 0x0000000621800000|100%| E|CS|TAMS 0x0000000621400000, 0x0000000621400000| Complete 
| 134|0x0000000621800000, 0x0000000621c00000, 0x0000000621c00000|100%| E|CS|TAMS 0x0000000621800000, 0x0000000621800000| Complete 
| 135|0x0000000621c00000, 0x0000000622000000, 0x0000000622000000|100%| E|CS|TAMS 0x0000000621c00000, 0x0000000621c00000| Complete 
| 136|0x0000000622000000, 0x0000000622400000, 0x0000000622400000|100%| E|CS|TAMS 0x0000000622000000, 0x0000000622000000| Complete 
| 137|0x0000000622400000, 0x0000000622800000, 0x0000000622800000|100%| E|CS|TAMS 0x0000000622400000, 0x0000000622400000| Complete 
| 138|0x0000000622800000, 0x0000000622c00000, 0x0000000622c00000|100%| E|CS|TAMS 0x0000000622800000, 0x0000000622800000| Complete 
| 139|0x0000000622c00000, 0x0000000623000000, 0x0000000623000000|100%| E|CS|TAMS 0x0000000622c00000, 0x0000000622c00000| Complete 
| 140|0x0000000623000000, 0x0000000623400000, 0x0000000623400000|100%| E|CS|TAMS 0x0000000623000000, 0x0000000623000000| Complete 
| 141|0x0000000623400000, 0x0000000623800000, 0x0000000623800000|100%| E|CS|TAMS 0x0000000623400000, 0x0000000623400000| Complete 
| 142|0x0000000623800000, 0x0000000623c00000, 0x0000000623c00000|100%| E|CS|TAMS 0x0000000623800000, 0x0000000623800000| Complete 
| 143|0x0000000623c00000, 0x0000000624000000, 0x0000000624000000|100%| E|CS|TAMS 0x0000000623c00000, 0x0000000623c00000| Complete 
| 144|0x0000000624000000, 0x0000000624400000, 0x0000000624400000|100%| E|CS|TAMS 0x0000000624000000, 0x0000000624000000| Complete 
| 145|0x0000000624400000, 0x0000000624800000, 0x0000000624800000|100%| E|CS|TAMS 0x0000000624400000, 0x0000000624400000| Complete 
| 146|0x0000000624800000, 0x0000000624c00000, 0x0000000624c00000|100%| E|CS|TAMS 0x0000000624800000, 0x0000000624800000| Complete 
| 147|0x0000000624c00000, 0x0000000625000000, 0x0000000625000000|100%| E|CS|TAMS 0x0000000624c00000, 0x0000000624c00000| Complete 
| 148|0x0000000625000000, 0x0000000625400000, 0x0000000625400000|100%| E|CS|TAMS 0x0000000625000000, 0x0000000625000000| Complete 
| 149|0x0000000625400000, 0x0000000625800000, 0x0000000625800000|100%| E|CS|TAMS 0x0000000625400000, 0x0000000625400000| Complete 
| 150|0x0000000625800000, 0x0000000625c00000, 0x0000000625c00000|100%| E|CS|TAMS 0x0000000625800000, 0x0000000625800000| Complete 
| 151|0x0000000625c00000, 0x0000000626000000, 0x0000000626000000|100%| E|CS|TAMS 0x0000000625c00000, 0x0000000625c00000| Complete 
| 152|0x0000000626000000, 0x0000000626400000, 0x0000000626400000|100%| E|CS|TAMS 0x0000000626000000, 0x0000000626000000| Complete 
| 153|0x0000000626400000, 0x0000000626800000, 0x0000000626800000|100%| E|CS|TAMS 0x0000000626400000, 0x0000000626400000| Complete 
| 154|0x0000000626800000, 0x0000000626c00000, 0x0000000626c00000|100%| E|CS|TAMS 0x0000000626800000, 0x0000000626800000| Complete 
| 155|0x0000000626c00000, 0x0000000627000000, 0x0000000627000000|100%| E|CS|TAMS 0x0000000626c00000, 0x0000000626c00000| Complete 
| 156|0x0000000627000000, 0x0000000627400000, 0x0000000627400000|100%| E|CS|TAMS 0x0000000627000000, 0x0000000627000000| Complete 
| 157|0x0000000627400000, 0x0000000627800000, 0x0000000627800000|100%| E|CS|TAMS 0x0000000627400000, 0x0000000627400000| Complete 
| 158|0x0000000627800000, 0x0000000627c00000, 0x0000000627c00000|100%| E|CS|TAMS 0x0000000627800000, 0x0000000627800000| Complete 
| 159|0x0000000627c00000, 0x0000000628000000, 0x0000000628000000|100%| E|CS|TAMS 0x0000000627c00000, 0x0000000627c00000| Complete 
| 160|0x0000000628000000, 0x0000000628400000, 0x0000000628400000|100%| E|CS|TAMS 0x0000000628000000, 0x0000000628000000| Complete 
| 161|0x0000000628400000, 0x0000000628800000, 0x0000000628800000|100%| E|CS|TAMS 0x0000000628400000, 0x0000000628400000| Complete 
| 162|0x0000000628800000, 0x0000000628c00000, 0x0000000628c00000|100%| E|CS|TAMS 0x0000000628800000, 0x0000000628800000| Complete 
| 163|0x0000000628c00000, 0x0000000629000000, 0x0000000629000000|100%| E|CS|TAMS 0x0000000628c00000, 0x0000000628c00000| Complete 
| 164|0x0000000629000000, 0x0000000629400000, 0x0000000629400000|100%| E|CS|TAMS 0x0000000629000000, 0x0000000629000000| Complete 
| 165|0x0000000629400000, 0x0000000629800000, 0x0000000629800000|100%| E|CS|TAMS 0x0000000629400000, 0x0000000629400000| Complete 
| 166|0x0000000629800000, 0x0000000629c00000, 0x0000000629c00000|100%| E|CS|TAMS 0x0000000629800000, 0x0000000629800000| Complete 
| 167|0x0000000629c00000, 0x000000062a000000, 0x000000062a000000|100%| E|CS|TAMS 0x0000000629c00000, 0x0000000629c00000| Complete 
| 168|0x000000062a000000, 0x000000062a400000, 0x000000062a400000|100%| E|CS|TAMS 0x000000062a000000, 0x000000062a000000| Complete 
| 169|0x000000062a400000, 0x000000062a800000, 0x000000062a800000|100%| E|CS|TAMS 0x000000062a400000, 0x000000062a400000| Complete 
| 170|0x000000062a800000, 0x000000062ac00000, 0x000000062ac00000|100%| E|CS|TAMS 0x000000062a800000, 0x000000062a800000| Complete 
| 171|0x000000062ac00000, 0x000000062b000000, 0x000000062b000000|100%| E|CS|TAMS 0x000000062ac00000, 0x000000062ac00000| Complete 
| 172|0x000000062b000000, 0x000000062b400000, 0x000000062b400000|100%| E|CS|TAMS 0x000000062b000000, 0x000000062b000000| Complete 
| 173|0x000000062b400000, 0x000000062b800000, 0x000000062b800000|100%| E|CS|TAMS 0x000000062b400000, 0x000000062b400000| Complete 
| 174|0x000000062b800000, 0x000000062bc00000, 0x000000062bc00000|100%| E|CS|TAMS 0x000000062b800000, 0x000000062b800000| Complete 
| 175|0x000000062bc00000, 0x000000062c000000, 0x000000062c000000|100%| E|CS|TAMS 0x000000062bc00000, 0x000000062bc00000| Complete 
| 176|0x000000062c000000, 0x000000062c400000, 0x000000062c400000|100%| E|CS|TAMS 0x000000062c000000, 0x000000062c000000| Complete 
| 177|0x000000062c400000, 0x000000062c800000, 0x000000062c800000|100%| E|CS|TAMS 0x000000062c400000, 0x000000062c400000| Complete 
| 178|0x000000062c800000, 0x000000062cc00000, 0x000000062cc00000|100%| E|CS|TAMS 0x000000062c800000, 0x000000062c800000| Complete 
| 179|0x000000062cc00000, 0x000000062d000000, 0x000000062d000000|100%| E|CS|TAMS 0x000000062cc00000, 0x000000062cc00000| Complete 
| 180|0x000000062d000000, 0x000000062d400000, 0x000000062d400000|100%| E|CS|TAMS 0x000000062d000000, 0x000000062d000000| Complete 
| 181|0x000000062d400000, 0x000000062d800000, 0x000000062d800000|100%| E|CS|TAMS 0x000000062d400000, 0x000000062d400000| Complete 
| 182|0x000000062d800000, 0x000000062dc00000, 0x000000062dc00000|100%| E|CS|TAMS 0x000000062d800000, 0x000000062d800000| Complete 
| 183|0x000000062dc00000, 0x000000062e000000, 0x000000062e000000|100%| E|CS|TAMS 0x000000062dc00000, 0x000000062dc00000| Complete 
| 184|0x000000062e000000, 0x000000062e400000, 0x000000062e400000|100%| E|CS|TAMS 0x000000062e000000, 0x000000062e000000| Complete 
| 185|0x000000062e400000, 0x000000062e800000, 0x000000062e800000|100%| E|CS|TAMS 0x000000062e400000, 0x000000062e400000| Complete 
| 186|0x000000062e800000, 0x000000062ec00000, 0x000000062ec00000|100%| E|CS|TAMS 0x000000062e800000, 0x000000062e800000| Complete 
| 187|0x000000062ec00000, 0x000000062f000000, 0x000000062f000000|100%| E|CS|TAMS 0x000000062ec00000, 0x000000062ec00000| Complete 
| 188|0x000000062f000000, 0x000000062f400000, 0x000000062f400000|100%| E|CS|TAMS 0x000000062f000000, 0x000000062f000000| Complete 
| 189|0x000000062f400000, 0x000000062f800000, 0x000000062f800000|100%| E|CS|TAMS 0x000000062f400000, 0x000000062f400000| Complete 
| 190|0x000000062f800000, 0x000000062fc00000, 0x000000062fc00000|100%| E|CS|TAMS 0x000000062f800000, 0x000000062f800000| Complete 
| 191|0x000000062fc00000, 0x0000000630000000, 0x0000000630000000|100%| E|CS|TAMS 0x000000062fc00000, 0x000000062fc00000| Complete 
| 192|0x0000000630000000, 0x0000000630400000, 0x0000000630400000|100%| E|CS|TAMS 0x0000000630000000, 0x0000000630000000| Complete 
| 193|0x0000000630400000, 0x0000000630800000, 0x0000000630800000|100%| E|CS|TAMS 0x0000000630400000, 0x0000000630400000| Complete 
| 194|0x0000000630800000, 0x0000000630c00000, 0x0000000630c00000|100%| E|CS|TAMS 0x0000000630800000, 0x0000000630800000| Complete 
| 195|0x0000000630c00000, 0x0000000631000000, 0x0000000631000000|100%| E|CS|TAMS 0x0000000630c00000, 0x0000000630c00000| Complete 
| 196|0x0000000631000000, 0x0000000631400000, 0x0000000631400000|100%| E|CS|TAMS 0x0000000631000000, 0x0000000631000000| Complete 
| 197|0x0000000631400000, 0x0000000631800000, 0x0000000631800000|100%| E|CS|TAMS 0x0000000631400000, 0x0000000631400000| Complete 
| 198|0x0000000631800000, 0x0000000631c00000, 0x0000000631c00000|100%| E|CS|TAMS 0x0000000631800000, 0x0000000631800000| Complete 
| 199|0x0000000631c00000, 0x0000000632000000, 0x0000000632000000|100%| E|CS|TAMS 0x0000000631c00000, 0x0000000631c00000| Complete 
| 200|0x0000000632000000, 0x0000000632400000, 0x0000000632400000|100%| E|CS|TAMS 0x0000000632000000, 0x0000000632000000| Complete 
| 201|0x0000000632400000, 0x0000000632800000, 0x0000000632800000|100%| E|CS|TAMS 0x0000000632400000, 0x0000000632400000| Complete 
| 202|0x0000000632800000, 0x0000000632c00000, 0x0000000632c00000|100%| E|CS|TAMS 0x0000000632800000, 0x0000000632800000| Complete 
| 203|0x0000000632c00000, 0x0000000633000000, 0x0000000633000000|100%| E|CS|TAMS 0x0000000632c00000, 0x0000000632c00000| Complete 
| 204|0x0000000633000000, 0x0000000633400000, 0x0000000633400000|100%| E|CS|TAMS 0x0000000633000000, 0x0000000633000000| Complete 
| 205|0x0000000633400000, 0x0000000633800000, 0x0000000633800000|100%| E|CS|TAMS 0x0000000633400000, 0x0000000633400000| Complete 
| 206|0x0000000633800000, 0x0000000633c00000, 0x0000000633c00000|100%| E|CS|TAMS 0x0000000633800000, 0x0000000633800000| Complete 
| 207|0x0000000633c00000, 0x0000000634000000, 0x0000000634000000|100%| E|CS|TAMS 0x0000000633c00000, 0x0000000633c00000| Complete 
| 208|0x0000000634000000, 0x0000000634400000, 0x0000000634400000|100%| E|CS|TAMS 0x0000000634000000, 0x0000000634000000| Complete 

Card table byte_map: [0x000001507ebd0000,0x000001507fbd0000] _byte_map_base: 0x000001507bbd0000

Marking Bits (Prev, Next): (CMBitMap*) 0x00000150755b9d20, (CMBitMap*) 0x00000150755b9d60
 Prev Bits: [0x0000015021000000, 0x0000015029000000)
 Next Bits: [0x0000015029000000, 0x0000015031000000)

Polling page: 0x0000015073400000

Metaspace:

Usage:
  Non-class:    111.51 MB used.
      Class:     16.12 MB used.
       Both:    127.63 MB used.

Virtual space:
  Non-class space:      128.00 MB reserved,     112.56 MB ( 88%) committed,  2 nodes.
      Class space:        1.00 GB reserved,      17.38 MB (  2%) committed,  1 nodes.
             Both:        1.12 GB reserved,     129.94 MB ( 11%) committed. 

Chunk freelists:
   Non-Class:  3.14 MB
       Class:  2.48 MB
        Both:  5.62 MB

MaxMetaspaceSize: 4.00 GB
CompressedClassSpaceSize: 1.00 GB
Initial GC threshold: 21.00 MB
Current GC threshold: 165.25 MB
CDS: on
MetaspaceReclaimPolicy: balanced
 - commit_granule_bytes: 65536.
 - commit_granule_words: 8192.
 - virtual_space_node_default_size: 8388608.
 - enlarge_chunks_in_place: 1.
 - new_chunks_are_fully_committed: 0.
 - uncommit_free_chunks: 1.
 - use_allocation_guard: 0.


Internal statistics:

num_allocs_failed_limit: 18.
num_arena_births: 4366.
num_arena_deaths: 0.
num_vsnodes_births: 3.
num_vsnodes_deaths: 0.
num_space_committed: 2077.
num_space_uncommitted: 0.
num_chunks_returned_to_freelist: 18.
num_chunks_taken_from_freelist: 9920.
num_chunk_merges: 18.
num_chunk_splits: 6979.
num_chunks_enlarged: 4801.
num_inconsistent_stats: 0.

CodeHeap 'non-profiled nmethods': size=259264Kb used=9749Kb max_used=9749Kb free=249514Kb
 bounds [0x00000150102d0000, 0x0000015010c60000, 0x0000015020000000]
CodeHeap 'profiled nmethods': size=259264Kb used=28649Kb max_used=28649Kb free=230614Kb
 bounds [0x0000015000000000, 0x0000015001c00000, 0x000001500fd30000]
CodeHeap 'non-nmethods': size=5760Kb used=1956Kb max_used=2021Kb free=3803Kb
 bounds [0x000001500fd30000, 0x000001500ffa0000, 0x00000150102d0000]
 total_blobs=15009 nmethods=14014 adapters=903
 compilation: enabled
              stopped_count=0, restarted_count=0
 full_count=0

Compilation events (20 events):
Event: 53.932 Thread 0x000001507fdbcd00 nmethod 17637 0x0000015010c54e10 code [0x0000015010c54fa0, 0x0000015010c55078]
Event: 53.936 Thread 0x000001507fdbcd00 17638   !   4       kotlinx.metadata.internal.metadata.ProtoBuf$Property::<init> (1283 bytes)
Event: 53.975 Thread 0x000001507fdc3610 17642   !   3       kotlinx.metadata.jvm.KotlinClassMetadata$Companion::read (182 bytes)
Event: 53.977 Thread 0x000001507fdc3610 nmethod 17642 0x0000015001be1110 code [0x0000015001be1640, 0x0000015001be3b08]
Event: 53.979 Thread 0x000001507fdc3610 17643       3       org.gradle.internal.tools.api.impl.ApiMemberSelector::visitEnd (30 bytes)
Event: 53.979 Thread 0x000001507fdc3610 nmethod 17643 0x0000015001be4e10 code [0x0000015001be4fe0, 0x0000015001be5338]
Event: 53.984 Thread 0x000001507fdc3610 17644       3       org.gradle.internal.snapshot.DirectorySnapshot$$Lambda$1032/0x0000000801d8c840::apply (8 bytes)
Event: 53.985 Thread 0x000001507fdc3610 nmethod 17644 0x0000015001be5490 code [0x0000015001be5640, 0x0000015001be5878]
Event: 53.985 Thread 0x000001507fdc3610 17645       3       org.gradle.internal.snapshot.DirectorySnapshot$$Lambda$1033/0x0000000801d8ca68::accept (16 bytes)
Event: 53.985 Thread 0x000001507fdc3610 nmethod 17645 0x0000015001be5990 code [0x0000015001be5b40, 0x0000015001be5ea8]
Event: 53.985 Thread 0x000001507fdc3610 17647       3       org.gradle.internal.snapshot.RelativePathTracker::toRelativePath (163 bytes)
Event: 53.985 Thread 0x000001507fdc3610 nmethod 17647 0x0000015001be6010 code [0x0000015001be6320, 0x0000015001be7528]
Event: 53.985 Thread 0x000001507fdc3610 17646       3       org.gradle.api.internal.changedetection.state.CachingResourceHasher::hash (19 bytes)
Event: 53.986 Thread 0x000001507fdc3610 nmethod 17646 0x0000015001be7a90 code [0x0000015001be7c40, 0x0000015001be7e28]
Event: 53.986 Thread 0x000001507fdc3610 17648       3       com.google.common.cache.AbstractCache$SimpleStatsCounter::recordHits (12 bytes)
Event: 53.986 Thread 0x000001507fdc3610 nmethod 17648 0x0000015001be7f10 code [0x0000015001be80c0, 0x0000015001be8248]
Event: 53.991 Thread 0x000001507fdc3610 17649       3       org.gradle.internal.execution.steps.ValidateStep::lambda$validateImplementations$3 (22 bytes)
Event: 53.992 Thread 0x000001507fdc3610 nmethod 17649 0x0000015001be8390 code [0x0000015001be8580, 0x0000015001be8cb8]
Event: 53.992 Thread 0x000001507fdc3610 17650       3       org.gradle.internal.execution.caching.impl.DefaultCachingStateFactory$$Lambda$649/0x000000080161d2d8::accept (20 bytes)
Event: 53.992 Thread 0x000001507fdc3610 nmethod 17650 0x0000015001be8e10 code [0x0000015001be8fc0, 0x0000015001be9328]

GC Heap History (20 events):
Event: 39.156 GC heap before
{Heap before GC invocations=65 (full 0):
 garbage-first heap   total 688128K, used 531916K [0x0000000600000000, 0x0000000800000000)
  region size 4096K, 100 young (409600K), 8 survivors (32768K)
 Metaspace       used 117963K, committed 120064K, reserved 1179648K
  class space    used 14755K, committed 15872K, reserved 1048576K
}
Event: 39.171 GC heap after
{Heap after GC invocations=66 (full 0):
 garbage-first heap   total 856064K, used 151149K [0x0000000600000000, 0x0000000800000000)
  region size 4096K, 3 young (12288K), 3 survivors (12288K)
 Metaspace       used 117963K, committed 120064K, reserved 1179648K
  class space    used 14755K, committed 15872K, reserved 1048576K
}
Event: 40.032 GC heap before
{Heap before GC invocations=66 (full 0):
 garbage-first heap   total 856064K, used 650861K [0x0000000600000000, 0x0000000800000000)
  region size 4096K, 125 young (512000K), 3 survivors (12288K)
 Metaspace       used 117973K, committed 120064K, reserved 1179648K
  class space    used 14757K, committed 15872K, reserved 1048576K
}
Event: 40.039 GC heap after
{Heap after GC invocations=67 (full 0):
 garbage-first heap   total 856064K, used 152466K [0x0000000600000000, 0x0000000800000000)
  region size 4096K, 3 young (12288K), 3 survivors (12288K)
 Metaspace       used 117973K, committed 120064K, reserved 1179648K
  class space    used 14757K, committed 15872K, reserved 1048576K
}
Event: 40.820 GC heap before
{Heap before GC invocations=67 (full 0):
 garbage-first heap   total 856064K, used 652178K [0x0000000600000000, 0x0000000800000000)
  region size 4096K, 125 young (512000K), 3 survivors (12288K)
 Metaspace       used 117973K, committed 120064K, reserved 1179648K
  class space    used 14757K, committed 15872K, reserved 1048576K
}
Event: 40.827 GC heap after
{Heap after GC invocations=68 (full 0):
 garbage-first heap   total 856064K, used 155523K [0x0000000600000000, 0x0000000800000000)
  region size 4096K, 4 young (16384K), 4 survivors (16384K)
 Metaspace       used 117973K, committed 120064K, reserved 1179648K
  class space    used 14757K, committed 15872K, reserved 1048576K
}
Event: 41.580 GC heap before
{Heap before GC invocations=68 (full 0):
 garbage-first heap   total 856064K, used 651139K [0x0000000600000000, 0x0000000800000000)
  region size 4096K, 125 young (512000K), 4 survivors (16384K)
 Metaspace       used 117974K, committed 120064K, reserved 1179648K
  class space    used 14757K, committed 15872K, reserved 1048576K
}
Event: 41.590 GC heap after
{Heap after GC invocations=69 (full 0):
 garbage-first heap   total 856064K, used 158215K [0x0000000600000000, 0x0000000800000000)
  region size 4096K, 4 young (16384K), 4 survivors (16384K)
 Metaspace       used 117974K, committed 120064K, reserved 1179648K
  class space    used 14757K, committed 15872K, reserved 1048576K
}
Event: 43.173 GC heap before
{Heap before GC invocations=69 (full 0):
 garbage-first heap   total 856064K, used 653831K [0x0000000600000000, 0x0000000800000000)
  region size 4096K, 125 young (512000K), 4 survivors (16384K)
 Metaspace       used 121508K, committed 123776K, reserved 1179648K
  class space    used 15362K, committed 16576K, reserved 1048576K
}
Event: 43.177 GC heap after
{Heap after GC invocations=70 (full 0):
 garbage-first heap   total 856064K, used 150078K [0x0000000600000000, 0x0000000800000000)
  region size 4096K, 2 young (8192K), 2 survivors (8192K)
 Metaspace       used 121508K, committed 123776K, reserved 1179648K
  class space    used 15362K, committed 16576K, reserved 1048576K
}
Event: 45.247 GC heap before
{Heap before GC invocations=70 (full 0):
 garbage-first heap   total 856064K, used 662078K [0x0000000600000000, 0x0000000800000000)
  region size 4096K, 125 young (512000K), 2 survivors (8192K)
 Metaspace       used 129396K, committed 131648K, reserved 1179648K
  class space    used 16399K, committed 17600K, reserved 1048576K
}
Event: 45.255 GC heap after
{Heap after GC invocations=71 (full 0):
 garbage-first heap   total 856064K, used 162034K [0x0000000600000000, 0x0000000800000000)
  region size 4096K, 4 young (16384K), 4 survivors (16384K)
 Metaspace       used 129396K, committed 131648K, reserved 1179648K
  class space    used 16399K, committed 17600K, reserved 1048576K
}
Event: 46.105 GC heap before
{Heap before GC invocations=71 (full 0):
 garbage-first heap   total 856064K, used 657650K [0x0000000600000000, 0x0000000800000000)
  region size 4096K, 125 young (512000K), 4 survivors (16384K)
 Metaspace       used 129396K, committed 131648K, reserved 1179648K
  class space    used 16399K, committed 17600K, reserved 1048576K
}
Event: 46.115 GC heap after
{Heap after GC invocations=72 (full 0):
 garbage-first heap   total 856064K, used 169358K [0x0000000600000000, 0x0000000800000000)
  region size 4096K, 6 young (24576K), 6 survivors (24576K)
 Metaspace       used 129396K, committed 131648K, reserved 1179648K
  class space    used 16399K, committed 17600K, reserved 1048576K
}
Event: 50.340 GC heap before
{Heap before GC invocations=72 (full 0):
 garbage-first heap   total 856064K, used 656782K [0x0000000600000000, 0x0000000800000000)
  region size 4096K, 125 young (512000K), 6 survivors (24576K)
 Metaspace       used 130636K, committed 132992K, reserved 1179648K
  class space    used 16500K, committed 17792K, reserved 1048576K
}
Event: 50.444 GC heap after
{Heap after GC invocations=73 (full 0):
 garbage-first heap   total 856064K, used 163614K [0x0000000600000000, 0x0000000800000000)
  region size 4096K, 5 young (20480K), 5 survivors (20480K)
 Metaspace       used 130636K, committed 132992K, reserved 1179648K
  class space    used 16500K, committed 17792K, reserved 1048576K
}
Event: 51.845 GC heap before
{Heap before GC invocations=73 (full 0):
 garbage-first heap   total 856064K, used 655134K [0x0000000600000000, 0x0000000800000000)
  region size 4096K, 125 young (512000K), 5 survivors (20480K)
 Metaspace       used 130667K, committed 133056K, reserved 1179648K
  class space    used 16501K, committed 17792K, reserved 1048576K
}
Event: 51.852 GC heap after
{Heap after GC invocations=74 (full 0):
 garbage-first heap   total 856064K, used 162629K [0x0000000600000000, 0x0000000800000000)
  region size 4096K, 5 young (20480K), 5 survivors (20480K)
 Metaspace       used 130667K, committed 133056K, reserved 1179648K
  class space    used 16501K, committed 17792K, reserved 1048576K
}
Event: 52.937 GC heap before
{Heap before GC invocations=74 (full 0):
 garbage-first heap   total 856064K, used 654149K [0x0000000600000000, 0x0000000800000000)
  region size 4096K, 125 young (512000K), 5 survivors (20480K)
 Metaspace       used 130667K, committed 133056K, reserved 1179648K
  class space    used 16501K, committed 17792K, reserved 1048576K
}
Event: 52.944 GC heap after
{Heap after GC invocations=75 (full 0):
 garbage-first heap   total 856064K, used 162040K [0x0000000600000000, 0x0000000800000000)
  region size 4096K, 4 young (16384K), 4 survivors (16384K)
 Metaspace       used 130667K, committed 133056K, reserved 1179648K
  class space    used 16501K, committed 17792K, reserved 1048576K
}

Dll operation events (15 events):
Event: 0.012 Loaded shared library C:\Program Files\Java\jdk-19\bin\java.dll
Event: 0.020 Loaded shared library C:\Program Files\Java\jdk-19\bin\jsvml.dll
Event: 0.072 Loaded shared library C:\Program Files\Java\jdk-19\bin\zip.dll
Event: 0.075 Loaded shared library C:\Program Files\Java\jdk-19\bin\instrument.dll
Event: 0.080 Loaded shared library C:\Program Files\Java\jdk-19\bin\net.dll
Event: 0.082 Loaded shared library C:\Program Files\Java\jdk-19\bin\nio.dll
Event: 0.085 Loaded shared library C:\Program Files\Java\jdk-19\bin\zip.dll
Event: 0.290 Loaded shared library C:\Program Files\Java\jdk-19\bin\jimage.dll
Event: 0.412 Loaded shared library C:\Program Files\Java\jdk-19\bin\verify.dll
Event: 0.526 Loaded shared library C:\Users\RAHUL\.gradle\native\c067742578af261105cb4f569cf0c3c89f3d7b1fecec35dd04571415982c5e48\windows-amd64\native-platform.dll
Event: 0.538 Loaded shared library C:\Users\RAHUL\.gradle\native\100fb08df4bc3b14c8652ba06237920a3bd2aa13389f12d3474272988ae205f9\windows-amd64\native-platform-file-events.dll
Event: 1.748 Loaded shared library C:\Program Files\Java\jdk-19\bin\management.dll
Event: 1.751 Loaded shared library C:\Program Files\Java\jdk-19\bin\management_ext.dll
Event: 2.001 Loaded shared library C:\Program Files\Java\jdk-19\bin\extnet.dll
Event: 2.357 Loaded shared library C:\Program Files\Java\jdk-19\bin\sunmscapi.dll

Deoptimization events (20 events):
Event: 53.925 Thread 0x0000015039de3e80 DEOPT PACKING pc=0x0000015010c195c8 sp=0x00000008bf3f55e0
Event: 53.925 Thread 0x0000015039de3e80 DEOPT UNPACKING pc=0x000001500fd96da3 sp=0x00000008bf3f53e0 mode 2
Event: 53.939 Thread 0x0000015039de3e80 Uncommon trap: trap_request=0xffffff45 fr.pc=0x0000015010c49f90 relative=0x0000000000000fb0
Event: 53.939 Thread 0x0000015039de3e80 Uncommon trap: reason=unstable_if action=reinterpret pc=0x0000015010c49f90 method=kotlinx.metadata.jvm.KotlinClassMetadata$Companion.read(Lkotlinx/metadata/jvm/KotlinClassHeader;)Lkotlinx/metadata/jvm/KotlinClassMetadata; @ 45 c2
Event: 53.939 Thread 0x0000015039de3e80 DEOPT PACKING pc=0x0000015010c49f90 sp=0x00000008bf3f5860
Event: 53.939 Thread 0x0000015039de3e80 DEOPT UNPACKING pc=0x000001500fd96da3 sp=0x00000008bf3f5810 mode 2
Event: 53.939 Thread 0x0000015039de3e80 Uncommon trap: trap_request=0xffffff45 fr.pc=0x0000015010bcbec0 relative=0x00000000000067c0
Event: 53.939 Thread 0x0000015039de3e80 Uncommon trap: reason=unstable_if action=reinterpret pc=0x0000015010bcbec0 method=org.gradle.kotlin.dsl.normalization.KotlinApiMemberWriter.writeClass(Lorg/gradle/internal/tools/api/impl/ClassMember;Ljava/util/Set;Ljava/util/Set;Ljava/util/Set;)V @ 216 c2
Event: 53.939 Thread 0x0000015039de3e80 DEOPT PACKING pc=0x0000015010bcbec0 sp=0x00000008bf3f58c0
Event: 53.939 Thread 0x0000015039de3e80 DEOPT UNPACKING pc=0x000001500fd96da3 sp=0x00000008bf3f5870 mode 2
Event: 53.940 Thread 0x0000015039de3e80 Uncommon trap: trap_request=0xffffff45 fr.pc=0x0000015010c008ec relative=0x00000000000042ec
Event: 53.940 Thread 0x0000015039de3e80 Uncommon trap: reason=unstable_if action=reinterpret pc=0x0000015010c008ec method=kotlinx.metadata.internal.metadata.ProtoBuf$Type.<init>(Lkotlinx/metadata/internal/protobuf/CodedInputStream;Lkotlinx/metadata/internal/protobuf/ExtensionRegistryLite;)V @ 4
Event: 53.940 Thread 0x0000015039de3e80 DEOPT PACKING pc=0x0000015010c008ec sp=0x00000008bf3f4c70
Event: 53.940 Thread 0x0000015039de3e80 DEOPT UNPACKING pc=0x000001500fd96da3 sp=0x00000008bf3f4c18 mode 2
Event: 53.969 Thread 0x0000015039de3e80 DEOPT PACKING pc=0x000001500175e69f sp=0x00000008bf3f5b50
Event: 53.969 Thread 0x0000015039de3e80 DEOPT UNPACKING pc=0x000001500fd97543 sp=0x00000008bf3f4fe8 mode 0
Event: 53.986 Thread 0x0000015039de3e80 Uncommon trap: trap_request=0xffffffd6 fr.pc=0x0000015010bb9d7c relative=0x0000000000001adc
Event: 53.986 Thread 0x0000015039de3e80 Uncommon trap: reason=array_check action=maybe_recompile pc=0x0000015010bb9d7c method=java.util.TimSort.reverseRange([Ljava/lang/Object;II)V @ 20 c2
Event: 53.986 Thread 0x0000015039de3e80 DEOPT PACKING pc=0x0000015010bb9d7c sp=0x00000008bf3f6590
Event: 53.986 Thread 0x0000015039de3e80 DEOPT UNPACKING pc=0x000001500fd96da3 sp=0x00000008bf3f6428 mode 2

Classes loaded (20 events):
Event: 44.479 Loading class sun/reflect/misc/MethodUtil
Event: 44.479 Loading class sun/reflect/misc/MethodUtil done
Event: 44.479 Loading class sun/reflect/misc/MethodUtil$1
Event: 44.479 Loading class sun/reflect/misc/MethodUtil$1 done
Event: 44.865 Loading class java/util/regex/Pattern$1
Event: 44.866 Loading class java/util/regex/Pattern$1 done
Event: 44.954 Loading class java/util/regex/Pattern$Pos
Event: 44.954 Loading class java/util/regex/Pattern$Pos done
Event: 44.978 Loading class sun/misc/SharedSecrets
Event: 44.978 Loading class sun/misc/SharedSecrets done
Event: 44.985 Loading class com/sun/beans/finder/MethodFinder
Event: 44.986 Loading class com/sun/beans/finder/AbstractFinder
Event: 44.986 Loading class com/sun/beans/finder/AbstractFinder done
Event: 44.986 Loading class com/sun/beans/finder/MethodFinder done
Event: 44.986 Loading class com/sun/beans/finder/MethodFinder$1
Event: 44.986 Loading class com/sun/beans/finder/MethodFinder$1 done
Event: 44.986 Loading class com/sun/beans/finder/FinderUtils
Event: 44.987 Loading class com/sun/beans/finder/FinderUtils done
Event: 45.103 Loading class java/nio/file/FileTreeWalker$1
Event: 45.103 Loading class java/nio/file/FileTreeWalker$1 done

Classes unloaded (0 events):
No events

Classes redefined (0 events):
No events

Internal exceptions (20 events):
Event: 44.482 Thread 0x0000015039de3e80 Exception <a 'java/lang/NoSuchMethodError'{0x000000061c5867c8}: 'long java.lang.invoke.DelegatingMethodHandle$Holder.reinvoke_L(java.lang.Object, java.lang.Object)'> (0x000000061c5867c8) 
thrown [s\open\src\hotspot\share\interpreter\linkResolver.cpp, line 774]
Event: 44.978 Thread 0x0000015039de3e80 Exception <a 'java/lang/ClassNotFoundException'{0x00000006191970c0}: sun/misc/SharedSecrets> (0x00000006191970c0) 
thrown [s\open\src\hotspot\share\classfile\systemDictionary.cpp, line 255]
Event: 44.978 Thread 0x0000015039de3e80 Exception <a 'java/lang/ClassNotFoundException'{0x0000000619199170}: groovy/lang/Closure$1BeanInfo> (0x0000000619199170) 
thrown [s\open\src\hotspot\share\classfile\systemDictionary.cpp, line 255]
Event: 44.979 Thread 0x0000015039de3e80 Exception <a 'java/lang/ClassNotFoundException'{0x00000006191b34a0}: groovy/lang/ClosureBeanInfo> (0x00000006191b34a0) 
thrown [s\open\src\hotspot\share\classfile\systemDictionary.cpp, line 255]
Event: 44.980 Thread 0x0000015039de3e80 Exception <a 'java/lang/ClassNotFoundException'{0x00000006191cd238}: groovy/lang/ClosureCustomizer> (0x00000006191cd238) 
thrown [s\open\src\hotspot\share\classfile\systemDictionary.cpp, line 255]
Event: 44.985 Thread 0x0000015039de3e80 Exception <a 'java/lang/ClassNotFoundException'{0x000000061920ce50}: groovy/lang/Closure$1Customizer> (0x000000061920ce50) 
thrown [s\open\src\hotspot\share\classfile\systemDictionary.cpp, line 255]
Event: 44.992 Thread 0x0000015039de3e80 Exception <a 'java/lang/ClassNotFoundException'{0x0000000619290578}: org/jetbrains/kotlin/gradle/targets/js/npm/DefaultNpmDependencyExtensionBeanInfo> (0x0000000619290578) 
thrown [s\open\src\hotspot\share\classfile\systemDictionary.cpp, line 255]
Event: 44.993 Thread 0x0000015039de3e80 Exception <a 'java/lang/ClassNotFoundException'{0x000000061929f1a8}: org/jetbrains/kotlin/gradle/targets/js/npm/DefaultNpmDependencyExtensionCustomizer> (0x000000061929f1a8) 
thrown [s\open\src\hotspot\share\classfile\systemDictionary.cpp, line 255]
Event: 44.998 Thread 0x0000015039de3e80 Exception <a 'java/lang/ClassNotFoundException'{0x0000000619344498}: org/jetbrains/kotlin/gradle/targets/js/npm/NpmDependencyExtensionKt$defaultNpmDependencyDelegate$1BeanInfo> (0x0000000619344498) 
thrown [s\open\src\hotspot\share\classfile\systemDictionary.cpp, line 255]
Event: 44.999 Thread 0x0000015039de3e80 Exception <a 'java/lang/ClassNotFoundException'{0x0000000619353108}: org/jetbrains/kotlin/gradle/targets/js/npm/NpmDependencyExtensionDelegateBeanInfo> (0x0000000619353108) 
thrown [s\open\src\hotspot\share\classfile\systemDictionary.cpp, line 255]
Event: 44.999 Thread 0x0000015039de3e80 Exception <a 'java/lang/ClassNotFoundException'{0x0000000619361d48}: org/jetbrains/kotlin/gradle/targets/js/npm/NpmDependencyExtensionDelegateCustomizer> (0x0000000619361d48) 
thrown [s\open\src\hotspot\share\classfile\systemDictionary.cpp, line 255]
Event: 45.001 Thread 0x0000015039de3e80 Exception <a 'java/lang/ClassNotFoundException'{0x000000061939ba20}: org/jetbrains/kotlin/gradle/targets/js/npm/NpmDependencyExtensionKt$defaultNpmDependencyDelegate$1Customizer> (0x000000061939ba20) 
thrown [s\open\src\hotspot\share\classfile\systemDictionary.cpp, line 255]
Event: 45.003 Thread 0x0000015039de3e80 Exception <a 'java/lang/ClassNotFoundException'{0x00000006193e63b0}: org/jetbrains/kotlin/gradle/targets/js/npm/DefaultDevNpmDependencyExtensionBeanInfo> (0x00000006193e63b0) 
thrown [s\open\src\hotspot\share\classfile\systemDictionary.cpp, line 255]
Event: 45.004 Thread 0x0000015039de3e80 Exception <a 'java/lang/ClassNotFoundException'{0x00000006193f4ff8}: org/jetbrains/kotlin/gradle/targets/js/npm/DefaultDevNpmDependencyExtensionCustomizer> (0x00000006193f4ff8) 
thrown [s\open\src\hotspot\share\classfile\systemDictionary.cpp, line 255]
Event: 45.006 Thread 0x0000015039de3e80 Exception <a 'java/lang/ClassNotFoundException'{0x0000000618c49eb0}: org/jetbrains/kotlin/gradle/targets/js/npm/DefaultPeerNpmDependencyExtensionBeanInfo> (0x0000000618c49eb0) 
thrown [s\open\src\hotspot\share\classfile\systemDictionary.cpp, line 255]
Event: 45.007 Thread 0x0000015039de3e80 Exception <a 'java/lang/ClassNotFoundException'{0x0000000618c58b00}: org/jetbrains/kotlin/gradle/targets/js/npm/DefaultPeerNpmDependencyExtensionCustomizer> (0x0000000618c58b00) 
thrown [s\open\src\hotspot\share\classfile\systemDictionary.cpp, line 255]
Event: 45.009 Thread 0x0000015039de3e80 Exception <a 'java/lang/ClassNotFoundException'{0x0000000618cbad28}: org/jetbrains/kotlin/gradle/targets/js/npm/DefaultPeerNpmDependencyExtension$delegate$1BeanInfo> (0x0000000618cbad28) 
thrown [s\open\src\hotspot\share\classfile\systemDictionary.cpp, line 255]
Event: 45.009 Thread 0x0000015039de3e80 Exception <a 'java/lang/ClassNotFoundException'{0x0000000618cc9a48}: org/jetbrains/kotlin/gradle/targets/js/npm/DefaultPeerNpmDependencyExtension$delegate$1Customizer> (0x0000000618cc9a48) 
thrown [s\open\src\hotspot\share\classfile\systemDictionary.cpp, line 255]
Event: 45.023 Thread 0x0000015039de3e80 Exception <a 'java/lang/NoSuchMethodError'{0x0000000618e14f60}: static Lorg/jetbrains/kotlin/gradle/plugin/internal/DefaultIdeaSyncDetector$createIdeaPropertiesEvaluator$1;.<clinit>()V> (0x0000000618e14f60) 
thrown [s\open\src\hotspot\share\prims\jni.cpp, line 1107]
Event: 45.096 Thread 0x0000015039de3e80 Exception <a 'java/lang/NoSuchMethodError'{0x00000006186269b8}: 'int java.lang.invoke.DirectMethodHandle$Holder.invokeSpecialIFC(java.lang.Object, java.lang.Object, java.lang.Object, java.lang.Object, java.lang.Object)'> (0x00000006186269b8) 
thrown [s\open\src\hotspot\share\interpreter\linkResolver.cpp, line 774]

VM Operations (20 events):
Event: 46.912 Executing VM operation: HandshakeAllThreads
Event: 46.912 Executing VM operation: HandshakeAllThreads done
Event: 47.927 Executing VM operation: Cleanup
Event: 47.928 Executing VM operation: Cleanup done
Event: 48.940 Executing VM operation: Cleanup
Event: 48.956 Executing VM operation: Cleanup done
Event: 49.967 Executing VM operation: Cleanup
Event: 49.967 Executing VM operation: Cleanup done
Event: 50.310 Executing VM operation: G1CollectForAllocation
Event: 50.444 Executing VM operation: G1CollectForAllocation done
Event: 51.446 Executing VM operation: Cleanup
Event: 51.446 Executing VM operation: Cleanup done
Event: 51.845 Executing VM operation: G1CollectForAllocation
Event: 51.852 Executing VM operation: G1CollectForAllocation done
Event: 52.862 Executing VM operation: Cleanup
Event: 52.862 Executing VM operation: Cleanup done
Event: 52.936 Executing VM operation: G1CollectForAllocation
Event: 52.944 Executing VM operation: G1CollectForAllocation done
Event: 53.950 Executing VM operation: Cleanup
Event: 53.950 Executing VM operation: Cleanup done

Events (20 events):
Event: 44.699 Thread 0x000001507fdad660 flushing nmethod 0x000001500162ca90
Event: 44.699 Thread 0x000001507fdad660 flushing nmethod 0x0000015001656a10
Event: 44.699 Thread 0x000001507fdad660 flushing nmethod 0x000001500168d790
Event: 44.699 Thread 0x000001507fdad660 flushing nmethod 0x0000015001692f90
Event: 44.699 Thread 0x000001507fdad660 flushing nmethod 0x0000015001693510
Event: 44.699 Thread 0x000001507fdad660 flushing nmethod 0x0000015001736310
Event: 44.699 Thread 0x000001507fdad660 flushing nmethod 0x000001500175d610
Event: 44.700 Thread 0x000001507fdad660 flushing nmethod 0x00000150017c0c90
Event: 44.700 Thread 0x000001507fdad660 flushing nmethod 0x00000150017c7490
Event: 44.700 Thread 0x000001507fdad660 flushing nmethod 0x0000015001811c90
Event: 44.700 Thread 0x000001507fdad660 flushing nmethod 0x0000015001828d10
Event: 44.700 Thread 0x000001507fdad660 flushing nmethod 0x0000015001864590
Event: 44.701 Thread 0x000001507fdad660 flushing nmethod 0x0000015001a04790
Event: 44.701 Thread 0x000001507fdad660 flushing nmethod 0x0000015001a2d890
Event: 44.701 Thread 0x000001507fdad660 flushing nmethod 0x0000015001a56990
Event: 44.701 Thread 0x000001507fdad660 flushing nmethod 0x0000015001a7fa90
Event: 50.763 Thread 0x000001503dc46a10 Thread added: 0x000001503dc46a10
Event: 51.172 Thread 0x000001503dc46a10 Thread exited: 0x000001503dc46a10
Event: 51.270 Thread 0x000001503dc45ef0 Thread added: 0x000001503dc45ef0
Event: 52.408 Thread 0x000001503dc45ef0 Thread exited: 0x000001503dc45ef0


Dynamic libraries:
0x00007ff6adb50000 - 0x00007ff6adb60000 	C:\Program Files\Java\jdk-19\bin\java.exe
0x00007ff9c7020000 - 0x00007ff9c7289000 	C:\WINDOWS\SYSTEM32\ntdll.dll
0x00007ff9c4e70000 - 0x00007ff9c4f39000 	C:\WINDOWS\System32\KERNEL32.DLL
0x00007ff9c4440000 - 0x00007ff9c4833000 	C:\WINDOWS\System32\KERNELBASE.dll
0x00007ff9c4260000 - 0x00007ff9c43ab000 	C:\WINDOWS\System32\ucrtbase.dll
0x00007ff9a38b0000 - 0x00007ff9a38c8000 	C:\Program Files\Java\jdk-19\bin\jli.dll
0x00007ff9a32f0000 - 0x00007ff9a330b000 	C:\Program Files\Java\jdk-19\bin\VCRUNTIME140.dll
0x00007ff9c5530000 - 0x00007ff9c55e4000 	C:\WINDOWS\System32\ADVAPI32.dll
0x00007ff9c51d0000 - 0x00007ff9c5279000 	C:\WINDOWS\System32\msvcrt.dll
0x00007ff9c6220000 - 0x00007ff9c62c6000 	C:\WINDOWS\System32\sechost.dll
0x00007ff9c4f40000 - 0x00007ff9c5058000 	C:\WINDOWS\System32\RPCRT4.dll
0x00007ff9c5850000 - 0x00007ff9c5a14000 	C:\WINDOWS\System32\USER32.dll
0x00007ff9c4c90000 - 0x00007ff9c4cb7000 	C:\WINDOWS\System32\win32u.dll
0x00007ff9a8a70000 - 0x00007ff9a8d03000 	C:\WINDOWS\WinSxS\amd64_microsoft.windows.common-controls_6595b64144ccf1df_6.0.26100.5074_none_3e0d6f78e32fd63f\COMCTL32.dll
0x00007ff9c57b0000 - 0x00007ff9c57db000 	C:\WINDOWS\System32\GDI32.dll
0x00007ff9c4cc0000 - 0x00007ff9c4ded000 	C:\WINDOWS\System32\gdi32full.dll
0x00007ff9c41b0000 - 0x00007ff9c4253000 	C:\WINDOWS\System32\msvcp_win.dll
0x00007ff9bca10000 - 0x00007ff9bca1b000 	C:\WINDOWS\SYSTEM32\VERSION.dll
0x00007ff9c6910000 - 0x00007ff9c693f000 	C:\WINDOWS\System32\IMM32.DLL
0x00007ff9a9460000 - 0x00007ff9a946c000 	C:\Program Files\Java\jdk-19\bin\vcruntime140_1.dll
0x00007ff94ac70000 - 0x00007ff94acfe000 	C:\Program Files\Java\jdk-19\bin\msvcp140.dll
0x00007ff909210000 - 0x00007ff909ed0000 	C:\Program Files\Java\jdk-19\bin\server\jvm.dll
0x00007ff9a1470000 - 0x00007ff9a147a000 	C:\WINDOWS\SYSTEM32\WSOCK32.dll
0x00007ff9bc120000 - 0x00007ff9bc155000 	C:\WINDOWS\SYSTEM32\WINMM.dll
0x00007ff9c4df0000 - 0x00007ff9c4e64000 	C:\WINDOWS\System32\WS2_32.dll
0x00007ff9c2ef0000 - 0x00007ff9c2f0b000 	C:\WINDOWS\SYSTEM32\kernel.appcore.dll
0x00007ff9a3b40000 - 0x00007ff9a3b4a000 	C:\Program Files\Java\jdk-19\bin\jimage.dll
0x00007ff9b7ed0000 - 0x00007ff9b8112000 	C:\WINDOWS\SYSTEM32\DBGHELP.DLL
0x00007ff9c62d0000 - 0x00007ff9c664b000 	C:\WINDOWS\System32\combase.dll
0x00007ff9c6830000 - 0x00007ff9c6907000 	C:\WINDOWS\System32\OLEAUT32.dll
0x00007ff9a6c50000 - 0x00007ff9a6c8d000 	C:\WINDOWS\SYSTEM32\dbgcore.DLL
0x00007ff9c4bf0000 - 0x00007ff9c4c89000 	C:\WINDOWS\System32\bcryptPrimitives.dll
0x00007ff9ab9b0000 - 0x00007ff9ab9be000 	C:\Program Files\Java\jdk-19\bin\instrument.dll
0x00007ff9570c0000 - 0x00007ff9570e6000 	C:\Program Files\Java\jdk-19\bin\java.dll
0x00007ff91dac0000 - 0x00007ff91db97000 	C:\Program Files\Java\jdk-19\bin\jsvml.dll
0x00007ff9c5a20000 - 0x00007ff9c616d000 	C:\WINDOWS\System32\SHELL32.dll
0x00007ff9c49c0000 - 0x00007ff9c4b2c000 	C:\WINDOWS\System32\wintypes.dll
0x00007ff9c1e50000 - 0x00007ff9c26a9000 	C:\WINDOWS\SYSTEM32\windows.storage.dll
0x00007ff9c6a50000 - 0x00007ff9c6b40000 	C:\WINDOWS\System32\SHCORE.dll
0x00007ff9c57e0000 - 0x00007ff9c5842000 	C:\WINDOWS\System32\shlwapi.dll
0x00007ff9c40d0000 - 0x00007ff9c40f9000 	C:\WINDOWS\SYSTEM32\profapi.dll
0x00007ff9739c0000 - 0x00007ff9739d8000 	C:\Program Files\Java\jdk-19\bin\zip.dll
0x00007ff994be0000 - 0x00007ff994bf3000 	C:\Program Files\Java\jdk-19\bin\net.dll
0x00007ff9bcc90000 - 0x00007ff9bcdaf000 	C:\WINDOWS\SYSTEM32\WINHTTP.dll
0x00007ff9c3510000 - 0x00007ff9c357b000 	C:\WINDOWS\system32\mswsock.dll
0x00007ff975ce0000 - 0x00007ff975cf6000 	C:\Program Files\Java\jdk-19\bin\nio.dll
0x00007ff9bf2e0000 - 0x00007ff9bf2f0000 	C:\Program Files\Java\jdk-19\bin\verify.dll
0x00007ff9a6980000 - 0x00007ff9a69a7000 	C:\Users\RAHUL\.gradle\native\c067742578af261105cb4f569cf0c3c89f3d7b1fecec35dd04571415982c5e48\windows-amd64\native-platform.dll
0x00007ff957e40000 - 0x00007ff957f84000 	C:\Users\RAHUL\.gradle\native\100fb08df4bc3b14c8652ba06237920a3bd2aa13389f12d3474272988ae205f9\windows-amd64\native-platform-file-events.dll
0x00007ff9a38e0000 - 0x00007ff9a38ea000 	C:\Program Files\Java\jdk-19\bin\management.dll
0x00007ff995f30000 - 0x00007ff995f3b000 	C:\Program Files\Java\jdk-19\bin\management_ext.dll
0x00007ff9c5600000 - 0x00007ff9c5608000 	C:\WINDOWS\System32\PSAPI.DLL
0x00007ff9c37b0000 - 0x00007ff9c37cb000 	C:\WINDOWS\SYSTEM32\CRYPTSP.dll
0x00007ff9c2f10000 - 0x00007ff9c2f4b000 	C:\WINDOWS\system32\rsaenh.dll
0x00007ff9c35b0000 - 0x00007ff9c35db000 	C:\WINDOWS\SYSTEM32\USERENV.dll
0x00007ff9c40a0000 - 0x00007ff9c40c6000 	C:\WINDOWS\SYSTEM32\bcrypt.dll
0x00007ff9c37d0000 - 0x00007ff9c37dc000 	C:\WINDOWS\SYSTEM32\CRYPTBASE.dll
0x00007ff9c2a00000 - 0x00007ff9c2a34000 	C:\WINDOWS\SYSTEM32\IPHLPAPI.DLL
0x00007ff9c51c0000 - 0x00007ff9c51ca000 	C:\WINDOWS\System32\NSI.dll
0x00007ff9bcc10000 - 0x00007ff9bcc2e000 	C:\WINDOWS\SYSTEM32\dhcpcsvc6.DLL
0x00007ff9bca20000 - 0x00007ff9bca43000 	C:\WINDOWS\SYSTEM32\dhcpcsvc.DLL
0x00007ff9c2aa0000 - 0x00007ff9c2bc6000 	C:\WINDOWS\SYSTEM32\DNSAPI.dll
0x00007ff98ffd0000 - 0x00007ff98ffd8000 	C:\Program Files\Java\jdk-19\bin\extnet.dll
0x00007ff990690000 - 0x00007ff99069e000 	C:\Program Files\Java\jdk-19\bin\sunmscapi.dll
0x00007ff9c4840000 - 0x00007ff9c49b7000 	C:\WINDOWS\System32\CRYPT32.dll
0x00007ff9c39d0000 - 0x00007ff9c3a00000 	C:\WINDOWS\SYSTEM32\ncrypt.dll
0x00007ff9c3980000 - 0x00007ff9c39bf000 	C:\WINDOWS\SYSTEM32\NTASN1.dll
0x00007ff91d340000 - 0x00007ff91d348000 	C:\WINDOWS\system32\wshunix.dll

dbghelp: loaded successfully - version: 4.0.5 - missing functions: none
symbol engine: initialized successfully - sym options: 0x614 - pdb path: .;C:\Program Files\Java\jdk-19\bin;C:\WINDOWS\SYSTEM32;C:\WINDOWS\WinSxS\amd64_microsoft.windows.common-controls_6595b64144ccf1df_6.0.26100.5074_none_3e0d6f78e32fd63f;C:\Program Files\Java\jdk-19\bin\server;C:\Users\RAHUL\.gradle\native\c067742578af261105cb4f569cf0c3c89f3d7b1fecec35dd04571415982c5e48\windows-amd64;C:\Users\RAHUL\.gradle\native\100fb08df4bc3b14c8652ba06237920a3bd2aa13389f12d3474272988ae205f9\windows-amd64

VM Arguments:
jvm_args: -XX:MaxMetaspaceSize=4G -XX:ReservedCodeCacheSize=512m -XX:+HeapDumpOnOutOfMemoryError --add-opens=java.base/java.util=ALL-UNNAMED --add-opens=java.base/java.lang=ALL-UNNAMED --add-opens=java.base/java.lang.invoke=ALL-UNNAMED --add-opens=java.prefs/java.util.prefs=ALL-UNNAMED --add-exports=jdk.compiler/com.sun.tools.javac.api=ALL-UNNAMED --add-exports=jdk.compiler/com.sun.tools.javac.util=ALL-UNNAMED --add-opens=java.base/java.nio.charset=ALL-UNNAMED --add-opens=java.base/java.net=ALL-UNNAMED --add-opens=java.base/java.util.concurrent.atomic=ALL-UNNAMED -Xmx8G -Dfile.encoding=UTF-8 -Duser.country=IN -Duser.language=en -Duser.variant -javaagent:C:\Users\RAHUL\.gradle\wrapper\dists\gradle-8.10.2-all\7iv73wktx1xtkvlq19urqw1wm\gradle-8.10.2\lib\agents\gradle-instrumentation-agent-8.10.2.jar 
java_command: org.gradle.launcher.daemon.bootstrap.GradleDaemon 8.10.2
java_class_path (initial): C:\Users\RAHUL\.gradle\wrapper\dists\gradle-8.10.2-all\7iv73wktx1xtkvlq19urqw1wm\gradle-8.10.2\lib\gradle-daemon-main-8.10.2.jar
Launcher Type: SUN_STANDARD

[Global flags]
     intx CICompilerCount                          = 4                                         {product} {ergonomic}
     uint ConcGCThreads                            = 3                                         {product} {ergonomic}
     uint G1ConcRefinementThreads                  = 10                                        {product} {ergonomic}
   size_t G1HeapRegionSize                         = 4194304                                   {product} {ergonomic}
    uintx GCDrainStackTargetSize                   = 64                                        {product} {ergonomic}
     bool HeapDumpOnOutOfMemoryError               = true                                   {manageable} {command line}
   size_t InitialHeapSize                          = 125829120                                 {product} {ergonomic}
   size_t MarkStackSize                            = 4194304                                   {product} {ergonomic}
   size_t MaxHeapSize                              = 8589934592                                {product} {command line}
   size_t MaxMetaspaceSize                         = 4294967296                                {product} {command line}
   size_t MaxNewSize                               = 5150605312                                {product} {ergonomic}
   size_t MinHeapDeltaBytes                        = 4194304                                   {product} {ergonomic}
   size_t MinHeapSize                              = 8388608                                   {product} {ergonomic}
    uintx NonNMethodCodeHeapSize                   = 5839372                                {pd product} {ergonomic}
    uintx NonProfiledCodeHeapSize                  = 265515770                              {pd product} {ergonomic}
    uintx ProfiledCodeHeapSize                     = 265515770                              {pd product} {ergonomic}
    uintx ReservedCodeCacheSize                    = 536870912                              {pd product} {command line}
     bool SegmentedCodeCache                       = true                                      {product} {ergonomic}
   size_t SoftMaxHeapSize                          = 8589934592                             {manageable} {ergonomic}
   double SweeperThreshold                         = 0.234375                                  {product} {ergonomic}
     bool UseCompressedClassPointers               = true                           {product lp64_product} {ergonomic}
     bool UseCompressedOops                        = true                           {product lp64_product} {ergonomic}
     bool UseG1GC                                  = true                                      {product} {ergonomic}
     bool UseLargePagesIndividualAllocation        = false                                  {pd product} {ergonomic}

Logging:
Log output configuration:
 #0: stdout all=warning uptime,level,tags foldmultilines=false
 #1: stderr all=off uptime,level,tags foldmultilines=false

Environment Variables:
CLASSPATH=L:\flutter Projects\moodmate\moodmate\android\\gradle\wrapper\gradle-wrapper.jar
PATH=C:\Program Files\Common Files\Oracle\Java\javapath;C:\Program Files\Common Files\Oracle\Java\javapath;C:\windows\system32;C:\windows;C:\windows\System32\Wbem;C:\windows\System32\WindowsPowerShell\v1.0\;C:\windows\System32\OpenSSH\;C:\Program Files (x86)\NVIDIA Corporation\PhysX\Common;C:\Program Files\NVIDIA Corporation\NVIDIA NvDLISR;C:\MinGW\bin;C:\Program Files\Java\jdk-19\bin;C:\WINDOWS\system32;C:\WINDOWS;C:\WINDOWS\System32\Wbem;C:\WINDOWS\System32\WindowsPowerShell\v1.0\;C:\WINDOWS\System32\OpenSSH\;L:\android studio\flutter\bin;C:\Users\RAHUL\AppData\Local\Pub\Cache\bin;C:\Program Files\Git\cmd;C:\Program Files (x86)\Incredibuild;C:\Program Files (x86)\Windows Kits\10\Windows Performance Toolkit\;L:\Nodejs\;C:\Users\RAHUL\AppData\Local\Programs\Python\Launcher\;C:\Users\RAHUL\AppData\Local\Microsoft\WindowsApps;C:\Users\RAHUL\AppData\Local\Programs\Microsoft VS Code\bin;C:\Users\RAHUL\AppData\Local\Microsoft\WindowsApps;C:\Users\RAHUL\AppData\Local\GitHubDesktop\bin;L:\flutter apps\new\flutter\bin;L:\android studio\flutter\bin;C:\Users\RAHUL\AppData\Roaming\npm;L:\flutter sdk\flutter\bin\mingit\cmd;L:\flutter sdk\flutter\bin\mingit\cmd
USERNAME=RAHUL
OS=Windows_NT
PROCESSOR_IDENTIFIER=AMD64 Family 25 Model 80 Stepping 0, AuthenticAMD
TMP=C:\Users\RAHUL\AppData\Local\Temp
TEMP=C:\Users\RAHUL\AppData\Local\Temp



---------------  S Y S T E M  ---------------

OS:
 Windows 11 , 64 bit Build 26100 (10.0.26100.5074)
OS uptime: 0 days 16:52 hours

CPU: total 12 (initial active 12) (12 cores per cpu, 2 threads per core) family 25 model 80 stepping 0 microcode 0xa50000d, cx8, cmov, fxsr, ht, mmx, 3dnowpref, sse, sse2, sse3, ssse3, sse4a, sse4.1, sse4.2, popcnt, lzcnt, tsc, tscinvbit, avx, avx2, aes, erms, clmul, bmi1, bmi2, adx, sha, fma, vzeroupper, clflush, clflushopt, rdtscp, rdpid, fsrm

Memory: 4k page, system-wide physical 7521M (512M free)
TotalPageFile size 31073M (AvailPageFile size 24M)
current process WorkingSet (physical memory assigned to process): 703M, peak: 1074M
current process commit charge ("private bytes"): 1234M, peak: 1238M

vm_info: Java HotSpot(TM) 64-Bit Server VM (19.0.1+10-21) for windows-amd64 JRE (19.0.1+10-21), built on 2022-09-14T12:45:06Z by "mach5one" with MS VC++ 17.1 (VS2022)

END.
